  [SKIP] No JSON for: Albóndigas (Spanish-Style Meatballs in Almond Sauce) (0 Stars).pdf

[FAIL] All-Purpose Biscuits (0 Stars).pdf
  Field: nutritional_info
    EXPECTED: Fat: 8 grams Calories: 204 Saturated Fat: 5 grams Unsaturated Fat: 3 grams Sodium: 287 milligrams Sugar: 3 grams Fiber: 1 gram Carbohydrate: 28 grams Protein: 4 grams
    GOT:      Fat: 8 grams | Calories: 204 | Saturated Fat: 5 grams | Unsaturated Fat: 3 grams | Sodium: 287 milligrams | Sugar: 3 grams | Fiber: 1 gram | Carbohydrate: 28 grams | Protein: 4 grams

[FAIL] Apple Walnut Salad (5 Stars).pdf
  Field: ingredients
    EXPECTED: For the salad: ¾ cup raw walnut halves 2 small apples or 1 large apple cored and thinly sliced (recommended: Honeycrisp) 4 ounces baby arugula about 4 tightly packed cups 3 Belgian endives* about 6 ou...
    GOT:      For the salad: ¾ cup raw walnut halves 2 small apples or 1 large apple cored and thinly sliced (recommended: Honeycrisp) 4 ounces baby arugula about 4 tightly packed cups 3 Belgian endives* about 6 ou...
  Field: directions
    EXPECTED: Toast and chop the walnuts. Whisk the dressing ingredients together. Stir in the apples. Place the arugula and endive in a bowl. Add part of the cranberries, cheese, and walnuts. Transfer the apples t...
    GOT:      
  Field: notes
    EXPECTED: *A bitter green like endive provides a delicious, bright, and welcome counterpoint to the sweet apples and is a classic pairing with arugula, especially if you are serving this as a part of a larger m...
    GOT:      
  Field: nutritional_info
    EXPECTED: CALORIES: 277kcal CARBOHYDRATES: 20g PROTEIN: 6g FAT: 21g SATURATED FAT: 5g CHOLESTEROL: 11mg POTASSIUM: 305mg FIBER: 4g SUGAR: 13g VITAMIN A: 583IU VITAMIN C: 6mg CALCIUM: 131mg IRON: 1mg
    GOT:      

[FAIL] Baked Apples (0 Stars).pdf
  Field: nutritional_info
    EXPECTED: Trans Fat: 0 grams Fat: 6 grams Calories: 212 Saturated Fat: 4 grams Unsaturated Fat: 2 grams Sodium: 12 milligrams Sugar: 33 grams Fiber: 6 grams Carbohydrate: 42 grams Protein: 1 gram
    GOT:      Trans Fat: 0 grams | Fat: 6 grams | Calories: 212 | Saturated Fat: 4 grams | Unsaturated Fat: 2 grams | Sodium: 12 milligrams | Sugar: 33 grams | Fiber: 6 grams | Carbohydrate: 42 grams | Protein: 1 g...

[FAIL] Baked Barley Risotto with Mushrooms and Carrots (0 Stars).pdf
  Field: nutritional_info
    EXPECTED: Trans Fat: 0 grams Fat: 23 grams Calories: 523 Saturated Fat: 8 grams Unsaturated Fat: 13 grams Sodium: 643 milligrams Sugar: 5 grams Fiber: 16 grams Carbohydrate: 65 grams Protein: 19 grams
    GOT:      Trans Fat: 0 grams | Fat: 23 grams | Calories: 523 | Saturated Fat: 8 grams | Unsaturated Fat: 13 grams | Sodium: 643 milligrams | Sugar: 5 grams | Fiber: 16 grams | Carbohydrate: 65 grams | Protein: ...

[FAIL] Baked Halibut with Tomato Caper Sauce (0 Stars).pdf
  Field: nutritional_info
    EXPECTED: Trans Fat: 0 grams Fat: 8 grams Calories: 294 Saturated Fat: 1 gram Unsaturated Fat: 6 grams Sodium: 1401 milligrams Sugar: 11 grams Fiber: 8 grams Carbohydrate: 25 grams Protein: 36 grams
    GOT:      Trans Fat: 0 grams | Fat: 8 grams | Calories: 294 | Saturated Fat: 1 gram | Unsaturated Fat: 6 grams | Sodium: 1401 milligrams | Sugar: 11 grams | Fiber: 8 grams | Carbohydrate: 25 grams | Protein: 36...

[FAIL] Baked Risotto with Greens and Peas (0 Stars).pdf
  Field: ingredients
    EXPECTED: 2 tablespoons extra-virgin olive oil 1/2 cup finely chopped yellow onion 1 small garlic clove, minced 1 cup Arborio rice (about 7 ounces) Kosher salt and black pepper 4 ounces green or lacinato kale (...
    GOT:      2 tablespoons extra-virgin olive oil 1/2 cup finely chopped yellow onion 1 small garlic clove, minced 1 cup Arborio rice (about 7 ounces) Kosher salt and black pepper 4 ounces green or lacinato kale (...
  Field: nutritional_info
    EXPECTED: Trans Fat: 0 grams Fat: 23 grams Calories: 477 Saturated Fat: 10 grams Unsaturated Fat: 11 grams Sodium: 893 milligrams Sugar: 3 grams Fiber: 4 grams Carbohydrate: 51 grams Protein: 18 grams
    GOT:      Trans Fat: 0 grams | Fat: 23 grams | Calories: 477 | Saturated Fat: 10 grams | Unsaturated Fat: 11 grams | Sodium: 893 milligrams | Sugar: 3 grams | Fiber: 4 grams | Carbohydrate: 51 grams | Protein: ...

[FAIL] Baklava (4 Stars).pdf
  Field: ingredients
    EXPECTED: Main Pastry 450 grams (3½ cups) finely chopped mixed nuts, such as walnuts, almonds, and pistachio nuts 1 pound store-bought phyllo pastry 1½ sicks butter, melted, plus extra for greasing 2 tablespoon...
    GOT:      Main Pastry 450 grams (3½ cups) finely chopped mixed nuts, such as walnuts, almonds, and pistachio nuts 1 pound store-bought phyllo pastry 1½ sicks butter, melted, plus extra for greasing 2 tablespoon...

[FAIL] Banana Bread (5 Stars).pdf
  Field: nutritional_info
    EXPECTED: Trans Fat: 0 grams Fat: 10 grams Calories: 243 Saturated Fat: 5 grams Unsaturated Fat: 4 grams Sodium: 168 milligrams Sugar: 15 grams Fiber: 2 grams Carbohydrate: 36 grams Protein: 4 grams
    GOT:      Trans Fat: 0 grams | Fat: 10 grams | Calories: 243 | Saturated Fat: 5 grams | Unsaturated Fat: 4 grams | Sodium: 168 milligrams | Sugar: 15 grams | Fiber: 2 grams | Carbohydrate: 36 grams | Protein: 4...

[FAIL] Basic Pesto Sauce (5 Stars).pdf
  Field: nutritional_info
    EXPECTED: Trans Fat: 0 grams Fat: 17 grams Calories: 168 Saturated Fat: 3 grams Unsaturated Fat: 13 grams Sodium: 76 milligrams Sugar: 0 grams Fiber: 0 grams Carbohydrate: 1 gram Protein: 3 grams
    GOT:      Trans Fat: 0 grams | Fat: 17 grams | Calories: 168 | Saturated Fat: 3 grams | Unsaturated Fat: 13 grams | Sodium: 76 milligrams | Sugar: 0 grams | Fiber: 0 grams | Carbohydrate: 1 gram | Protein: 3 gr...

[FAIL] Basic Roast Duck Breast (0 Stars).pdf
  Field: nutritional_info
    EXPECTED: Trans Fat: 0 grams Fat: 3 grams Calories: 98 Saturated Fat: 1 gram Unsaturated Fat: 1 gram Sodium: 228 milligrams Sugar: 4 grams Fiber: 0 grams Carbohydrate: 5 grams Protein: 13 grams
    GOT:      Trans Fat: 0 grams | Fat: 3 grams | Calories: 98 | Saturated Fat: 1 gram | Unsaturated Fat: 1 gram | Sodium: 228 milligrams | Sugar: 4 grams | Fiber: 0 grams | Carbohydrate: 5 grams | Protein: 13 gram...

[FAIL] Basque Cheesecake (5 Stars).pdf
  Field: ingredients
    EXPECTED: Unsalted butter (for pan) 2 lb. cream cheese, room temperature 1½ cups (300 g) sugar 6 large eggs 2 cups heavy cream 1 tsp. Diamond Crystal or ½ tsp. Morton kosher salt 1 tsp. vanilla extract ⅓ cup (4...
    GOT:      Unsalted butter (for pan) 2 lb. cream cheese, room temperature 1½ cups (300 g) sugar 6 large eggs 2 cups heavy cream 1 tsp. Diamond Crystal or ½ tsp. Morton kosher salt 1 tsp. vanilla extract cup (42 ...
  Field: directions
    EXPECTED: Place a rack in middle of oven; preheat to 400°. Brush pan with unsalted butter, then line with 2 overlapping 16x12" sheets of parchment paper, making sure parchment comes at least 2" above top of pan...
    GOT:      Place a rack in middle of oven; preheat to 400°. Brush pan with unsalted butter, then line with 2 overlapping 16x12" sheets of parchment paper, making sure parchment comes at least 2" above top of pan...

[FAIL] Baumkuchen - Small Cakes (5 Stars).pdf
  Field: ingredients
    EXPECTED: Cake: 6 egg yolks 1 ¾ sticks softened butter, plus extra for greasing ¾ cup powdered sugar 1 tablespoon vanilla sugar (to make your own, beat 1-2 drops vanilla extract into sugar) ¾ cup all purpose fl...
    GOT:      Cake: 6 egg yolks 1 ¾ sticks softened butter, plus extra for greasing ¾ cup powdered sugar 1 tablespoon vanilla sugar (to make your own, beat 1-2 drops vanilla extract into sugar) ¾ cup all purpose fl...

[FAIL] Beef Short-Rib Adobo (0 Stars).pdf
  Field: nutritional_info
    EXPECTED: Trans Fat: 0 grams Fat: 147 grams Calories: 1606 Saturated Fat: 65 grams Unsaturated Fat: 71 grams Sodium: 2015 milligrams Sugar: 1 gram Fiber: 1 gram Carbohydrate: 13 grams Protein: 55 grams
    GOT:      Trans Fat: 0 grams | Fat: 147 grams | Calories: 1606 | Saturated Fat: 65 grams | Unsaturated Fat: 71 grams | Sodium: 2015 milligrams | Sugar: 1 gram | Fiber: 1 gram | Carbohydrate: 13 grams | Protein:...

[FAIL] Best Gazpacho (0 Stars).pdf
  Field: nutritional_info
    EXPECTED: Trans Fat: 0 grams Fat: 11 grams Calories: 122 Saturated Fat: 2 grams Unsaturated Fat: 9 grams Sodium: 365 milligrams Sugar: 4 grams Fiber: 2 grams Carbohydrate: 6 grams Protein: 1 gram
    GOT:      Trans Fat: 0 grams | Fat: 11 grams | Calories: 122 | Saturated Fat: 2 grams | Unsaturated Fat: 9 grams | Sodium: 365 milligrams | Sugar: 4 grams | Fiber: 2 grams | Carbohydrate: 6 grams | Protein: 1 g...

[FAIL] Blueberry Pie Bars (4 Stars).pdf
  Field: nutritional_info
    EXPECTED: Trans Fat: 0 grams Fat: 17 grams Calories: 298 Saturated Fat: 8 grams Unsaturated Fat: 7 grams Sodium: 198 milligrams Sugar: 17 grams Fiber: 1 gram Carbohydrate: 33 grams Protein: 3 grams
    GOT:      Trans Fat: 0 grams | Fat: 17 grams | Calories: 298 | Saturated Fat: 8 grams | Unsaturated Fat: 7 grams | Sodium: 198 milligrams | Sugar: 17 grams | Fiber: 1 gram | Carbohydrate: 33 grams | Protein: 3 ...

[FAIL] Boiled Zucchini Salad with Tuna (0 Stars).pdf
  Field: ingredients
    EXPECTED: ¼ tsp Kosher salt 1 lb medium zucchini ⅓ c drained capers juice of 1 lemon ¼ tsp red pepper flakes 3 tbs extra virgin olive oil 3 5-oz cans tuna, drained
    GOT:      ¼ tsp Kosher salt 1 lb medium zucchini c drained capers I juice of 1 lemon ¼ tsp red pepper flakes 3 tbs extra virgin olive oil 3 5-oz cans tuna, drained

[FAIL] Braised White Beans and Greens with Parmesan (4 Stars).pdf
  Field: nutritional_info
    EXPECTED: Trans Fat: 0 grams Fat: 21 grams Calories: 558 Saturated Fat: 6 grams Unsaturated Fat: 15 grams Sodium: 1313 milligrams Sugar: 7 grams Fiber: 14 grams Carbohydrate: 67 grams Protein: 28 grams
    GOT:      Trans Fat: 0 grams | Fat: 21 grams | Calories: 558 | Saturated Fat: 6 grams | Unsaturated Fat: 15 grams | Sodium: 1313 milligrams | Sugar: 7 grams | Fiber: 14 grams | Carbohydrate: 67 grams | Protein:...
  [SKIP] No JSON for: Brazilian Fish Stew – Moqueca (0 Stars).pdf

[FAIL] Broccoli-Quinoa Soup with Turmeric and Ginger (0 Stars).pdf
  Field: nutritional_info
    EXPECTED: Trans Fat: 0 grams Fat: 31 grams Calories: 470 Saturated Fat: 20 grams Unsaturated Fat: 9 grams Sodium: 1225 milligrams Sugar: 3 grams Fiber: 7 grams Carbohydrate: 42 grams Protein: 11 grams
    GOT:      Trans Fat: 0 grams | Fat: 31 grams | Calories: 470 | Saturated Fat: 20 grams | Unsaturated Fat: 9 grams | Sodium: 1225 milligrams | Sugar: 3 grams | Fiber: 7 grams | Carbohydrate: 42 grams | Protein: ...

[FAIL] Broiled Grapefruit with Brown Sugar and Flaky Salt (0 Stars).pdf
  Field: nutritional_info
    EXPECTED: Trans Fat: 0 grams Fat: 6 grams Calories: 125 Saturated Fat: 4 grams Unsaturated Fat: 2 grams Sodium: 52 milligrams Sugar: 17 grams Fiber: 2 grams Carbohydrate: 19 grams Protein: 1 gram
    GOT:      Trans Fat: 0 grams | Fat: 6 grams | Calories: 125 | Saturated Fat: 4 grams | Unsaturated Fat: 2 grams | Sodium: 52 milligrams | Sugar: 17 grams | Fiber: 2 grams | Carbohydrate: 19 grams | Protein: 1 g...

[FAIL] Broiled Mahi-Mahi with Capers and Fresh Tomato Sauce (0 Stars).pdf
  Field: nutritional_info
    EXPECTED: Trans Fat: 0 grams Fat: 19 grams Calories: 519 Saturated Fat: 3 grams Unsaturated Fat: 15 grams Sodium: 1196 milligrams Sugar: 2 grams Fiber: 2 grams Carbohydrate: 6 grams Protein: 77 grams
    GOT:      Trans Fat: 0 grams | Fat: 19 grams | Calories: 519 | Saturated Fat: 3 grams | Unsaturated Fat: 15 grams | Sodium: 1196 milligrams | Sugar: 2 grams | Fiber: 2 grams | Carbohydrate: 6 grams | Protein: 7...

[FAIL] Broiled Red Snapper Fillets with Coriander Butter (0 Stars).pdf
  Field: nutritional_info
    EXPECTED: Trans Fat: 0 grams Fat: 16 grams Calories: 344 Saturated Fat: 5 grams Unsaturated Fat: 9 grams Sodium: 576 milligrams Sugar: 1 gram Fiber: 1 gram Carbohydrate: 3 grams Protein: 46 grams
    GOT:      Trans Fat: 0 grams | Fat: 16 grams | Calories: 344 | Saturated Fat: 5 grams | Unsaturated Fat: 9 grams | Sodium: 576 milligrams | Sugar: 1 gram | Fiber: 1 gram | Carbohydrate: 3 grams | Protein: 46 gr...

[FAIL] Broiled Red Snapper with Za'atar Salsa Verde (0 Stars).pdf
  Field: ingredients
    EXPECTED: 2 tablespoons pine nuts 4 6-ounce skin-on, boneless red snapper fillets, patted dry Kosher salt, freshly ground pepper ½ teaspoon ground coriander 4 tablespoons plus ½ cup olive oil ⅓ cup finely chopp...
    GOT:      2 tablespoons pine nuts 4 6-ounce skin-on, boneless red snapper fillets, patted dry Kosher salt, freshly ground pepper ½ teaspoon ground coriander 4 tablespoons plus ½ cup olive oil cup finely chopped...
  Field: nutritional_info
    EXPECTED: Calories (kcal) 560 Fat (g) 46 Saturated Fat (g) 6 Cholesterol (mg) 60 Carbohydrates (g) 3 Dietary Fiber (g) 1 Sodium (mg) 100
    GOT:      Calories (kcal) 560 | Fat (g) 46 | Saturated Fat (g) 6 | Cholesterol (mg) 60 | Carbohydrates (g) 3 | Dietary Fiber (g) 1 | Sodium (mg) 100

[FAIL] Brownies (5 Stars).pdf
  Field: nutritional_info
    EXPECTED: Trans Fat: 0 grams Fat: 12 grams Calories: 213 Saturated Fat: 7 grams Unsaturated Fat: 4 grams Sodium: 107 milligrams Sugar: 21 grams Fiber: 2 grams Carbohydrate: 28 grams Protein: 3 grams
    GOT:      Trans Fat: 0 grams | Fat: 12 grams | Calories: 213 | Saturated Fat: 7 grams | Unsaturated Fat: 4 grams | Sodium: 107 milligrams | Sugar: 21 grams | Fiber: 2 grams | Carbohydrate: 28 grams | Protein: 3...

[FAIL] Cauliflower Piccata (0 Stars).pdf
  Field: nutritional_info
    EXPECTED: Trans Fat: 0 grams Fat: 21 grams Calories: 368 Saturated Fat: 8 grams Unsaturated Fat: 10 grams Sodium: 944 milligrams Sugar: 10 grams Fiber: 12 grams Carbohydrate: 40 grams Protein: 12 grams
    GOT:      Trans Fat: 0 grams | Fat: 21 grams | Calories: 368 | Saturated Fat: 8 grams | Unsaturated Fat: 10 grams | Sodium: 944 milligrams | Sugar: 10 grams | Fiber: 12 grams | Carbohydrate: 40 grams | Protein:...

[FAIL] Chewy Brownie Cookies (0 Stars).pdf
  Field: nutritional_info
    EXPECTED: Trans Fat: 0 grams Fat: 8 grams Calories: 163 Saturated Fat: 5 grams Unsaturated Fat: 3 grams Sodium: 94 milligrams Sugar: 18 grams Fiber: 1 gram Carbohydrate: 23 grams Protein: 2 grams
    GOT:      Trans Fat: 0 grams | Fat: 8 grams | Calories: 163 | Saturated Fat: 5 grams | Unsaturated Fat: 3 grams | Sodium: 94 milligrams | Sugar: 18 grams | Fiber: 1 gram | Carbohydrate: 23 grams | Protein: 2 gr...

[FAIL] Chewy Gingerbread Cookies (0 Stars).pdf
  Field: nutritional_info
    EXPECTED: Trans Fat: 0 grams Fat: 7 grams Calories: 160 Saturated Fat: 4 grams Unsaturated Fat: 2 grams Sodium: 91 milligrams Sugar: 14 grams Fiber: 1 gram Carbohydrate: 23 grams Protein: 1 gram
    GOT:      Trans Fat: 0 grams | Fat: 7 grams | Calories: 160 | Saturated Fat: 4 grams | Unsaturated Fat: 2 grams | Sodium: 91 milligrams | Sugar: 14 grams | Fiber: 1 gram | Carbohydrate: 23 grams | Protein: 1 gr...

[FAIL] Chewy Gooey Flourless Chocolate Cookies (5 Stars).pdf
  Field: ingredients
    EXPECTED: 3 cups powdered sugar ⅔ cup Dutch Process cocoa powder ¼ teaspoon salt 2 to 4 large egg whites, at room temperature 1 tablespoon vanilla extract 1½ cups bittersweet chocolate chips
    GOT:      3 cups powdered sugar cup Dutch Process cocoa I powder ¼ teaspoon salt 2 to 4 large egg whites, at room temperature 1 tablespoon vanilla extract 1½ cups bittersweet chocolate chips

[FAIL] Chicken Salad with Lemon-Sesame Dressing (0 Stars).pdf
  Field: nutritional_info
    EXPECTED: Trans Fat: 0 grams Fat: 18 grams Calories: 284 Saturated Fat: 4 grams Unsaturated Fat: 13 grams Sodium: 735 milligrams Sugar: 2 grams Fiber: 3 grams Carbohydrate: 10 grams Protein: 24 grams
    GOT:      Trans Fat: 0 grams | Fat: 18 grams | Calories: 284 | Saturated Fat: 4 grams | Unsaturated Fat: 13 grams | Sodium: 735 milligrams | Sugar: 2 grams | Fiber: 3 grams | Carbohydrate: 10 grams | Protein: 2...

[FAIL] Chicken Tikka Masala (0 Stars).pdf
  Field: nutritional_info
    EXPECTED: Trans Fat: 1 gram Fat: 37 grams Calories: 639 Saturated Fat: 15 grams Unsaturated Fat: 18 grams Sodium: 1312 milligrams Sugar: 14 grams Fiber: 7 grams Carbohydrate: 26 grams Protein: 53 grams
    GOT:      Trans Fat: 1 gram | Fat: 37 grams | Calories: 639 | Saturated Fat: 15 grams | Unsaturated Fat: 18 grams | Sodium: 1312 milligrams | Sugar: 14 grams | Fiber: 7 grams | Carbohydrate: 26 grams | Protein:...

[FAIL] Chickpeas with Baby Spinach (0 Stars).pdf
  Field: nutritional_info
    EXPECTED: Trans Fat: 0 grams Fat: 10 grams Calories: 306 Saturated Fat: 1 gram Unsaturated Fat: 7 grams Sodium: 764 milligrams Sugar: 9 grams Fiber: 12 grams Carbohydrate: 43 grams Protein: 15 grams
    GOT:      Trans Fat: 0 grams | Fat: 10 grams | Calories: 306 | Saturated Fat: 1 gram | Unsaturated Fat: 7 grams | Sodium: 764 milligrams | Sugar: 9 grams | Fiber: 12 grams | Carbohydrate: 43 grams | Protein: 15...

[FAIL] Chili & Lime Jicama Wedges (0 Stars).pdf
  Field: ingredients
    EXPECTED: 1 small jicama (4 inches diameter) 1 lime ⅛ tsp cayenne pepper ¼ tsp salt
    GOT:      1 small jicama (4 inches diameter) 1 lime tsp cayenne pepper I ¼ tsp salt

[FAIL] Chilled Zucchini Soup with Lemon and Basil (0 Stars).pdf
  Field: nutritional_info
    EXPECTED: Trans Fat: 0 grams Fat: 28 grams Calories: 376 Saturated Fat: 5 grams Unsaturated Fat: 21 grams Sodium: 1022 milligrams Sugar: 9 grams Fiber: 5 grams Carbohydrate: 27 grams Protein: 11 grams
    GOT:      Trans Fat: 0 grams | Fat: 28 grams | Calories: 376 | Saturated Fat: 5 grams | Unsaturated Fat: 21 grams | Sodium: 1022 milligrams | Sugar: 9 grams | Fiber: 5 grams | Carbohydrate: 27 grams | Protein: ...

[FAIL] Chocolate Babka (4 Stars).pdf
  Field: prep_time
    EXPECTED: 1 hr
    GOT:      
  Field: cook_time
    EXPECTED: 6 1/2 hr
    GOT:      
  Field: source
    EXPECTED: epicurious.com
    GOT:      cooking.nytimes.com
  Field: rating
    EXPECTED: 0
    GOT:      4
  Field: ingredients
    EXPECTED: For dough: 3/4 cup warm milk (105–115°F) 1/2 cup plus 2 teaspoons sugar 3 teaspoons active dry yeast (from two 1/4-oz packages) 3 1/4 cups all-purpose flour plus additional for dusting 2 whole large e...
    GOT:      Transfer to a wire rack to cool completely before serving. Step 14: 1/2 cup/118 milliliters whole milk 1 package (1/4 ounce/7 grams) active dry yeast 1/3 cup/67 grams granulated sugar, plus a pinch 4 ...
  Field: directions
    EXPECTED: Stir together warm milk and 2 teaspoons sugar in bowl of mixer. Sprinkle yeast over mixture and let stand until foamy, about 5 minutes. (If yeast doesn't foam, discard and start over with new yeast.) ...
    GOT:      
  Field: notes
    EXPECTED: Babkas keep, wrapped in plastic wrap and then foil, frozen 3 weeks.
    GOT:      

[FAIL] Chocolate Chip Cookies (5 Stars).pdf
  Field: notes
    EXPECTED: Chocolate discs/fèves can be hard to find, so another option is to melt chocolate chips, spread the melted chocolate in a ⅛-¼ inch thick layer on a parchment paper lined baking sheet, and then freeeze...
    GOT:      Chocolate discs/fèves can be hard to find, so another option is to melt chocolate chips, spread the melted chocolate in a -¼ inch thick layer I on a parchment paper lined baking sheet, and then freeez...
  Field: nutritional_info
    EXPECTED: Trans Fat: 0 grams Fat: 18 grams Calories: 399 Saturated Fat: 11 grams Unsaturated Fat: 6 grams Sodium: 254 milligrams Sugar: 29 grams Fiber: 12 grams Carbohydrate: 67 grams Protein: 10 grams
    GOT:      Trans Fat: 0 grams | Fat: 18 grams | Calories: 399 | Saturated Fat: 11 grams | Unsaturated Fat: 6 grams | Sodium: 254 milligrams | Sugar: 29 grams | Fiber: 12 grams | Carbohydrate: 67 grams | Protein:...

[FAIL] Chocolate Guinness Cake (5 Stars).pdf
  Field: nutritional_info
    EXPECTED: Trans Fat: 0 grams Fat: 26 grams Calories: 512 Saturated Fat: 15 grams Unsaturated Fat: 8 grams Sodium: 345 milligrams Sugar: 46 grams Fiber: 3 grams Carbohydrate: 66 grams Protein: 6 grams
    GOT:      Trans Fat: 0 grams | Fat: 26 grams | Calories: 512 | Saturated Fat: 15 grams | Unsaturated Fat: 8 grams | Sodium: 345 milligrams | Sugar: 46 grams | Fiber: 3 grams | Carbohydrate: 66 grams | Protein: ...

[FAIL] Chocolate Swirl Meringue Cookies (4 Stars).pdf
  Field: ingredients
    EXPECTED: 2 ounces (55g) semi-sweet chocolate, finely chopped 3 large egg whites (120g), at room temperature (see note)* 1/4 teaspoon cream of tartar 1/8 teaspoon salt 2/3 cup (130g) granulated sugar optional: ...
    GOT:      2 ounces (55g) semi-sweet chocolate, finely chopped 3 large egg whites (120g), at room temperature (see note)* 1/4 teaspoon cream of tartar 1/8 teaspoon salt 2/3 cup (130g) granulated sugar optional: ...
  Field: directions
    EXPECTED: Preheat oven to 250°F (121°C). Line two large baking sheets with parchment paper or silicone baking mats. Set aside. Melt the chocolate first so it can cool down before folding into the batter. You ca...
    GOT:      
  Field: notes
    EXPECTED: Make Ahead & Freezing Instructions: Meringues stay fresh and taste wonderful for up to 2 weeks, so they’re a great cookie to make a week or so ahead of time. Baked meringues freeze well for up to 1 mo...
    GOT:      

[FAIL] Chocolate Truffles (5 Stars).pdf
  Field: ingredients
    EXPECTED: Ganache - Regular 8 oz (237 ml, 1 Cup) heavy cream 93 grams (3.3 oz) Guittard 63% dark chocolate (red bags) 140 grams (4.9 oz) Guittard 46% dark chocolate (gold bags) Ganache - Maple Bourbon - 4.5 oz/...
    GOT:      Pour 1/4 of the heavy cream into the bowl of chocolate and stir for a minute. Then pour the remaining heavy cream into the bowl and stir until you have a uniform creamy chocolate mixture. If you are g...

[FAIL] Chocolate Whiskey Cake (5 Stars).pdf
  Field: nutritional_info
    EXPECTED: Trans Fat: 0 grams Fat: 22 grams Calories: 500 Saturated Fat: 13 grams Unsaturated Fat: 8 grams Sodium: 384 milligrams Sugar: 44 grams Fiber: 5 grams Carbohydrate: 69 grams Protein: 7 grams
    GOT:      Trans Fat: 0 grams | Fat: 22 grams | Calories: 500 | Saturated Fat: 13 grams | Unsaturated Fat: 8 grams | Sodium: 384 milligrams | Sugar: 44 grams | Fiber: 5 grams | Carbohydrate: 69 grams | Protein: ...

[FAIL] Chocolate-Molasses Cookies (4 Stars).pdf
  Field: nutritional_info
    EXPECTED: Trans Fat: 0 grams Fat: 3 grams Calories: 62 Saturated Fat: 2 grams Unsaturated Fat: 1 gram Sodium: 67 milligrams Sugar: 5 grams Fiber: 1 gram Carbohydrate: 9 grams Protein: 1 gram
    GOT:      Trans Fat: 0 grams | Fat: 3 grams | Calories: 62 | Saturated Fat: 2 grams | Unsaturated Fat: 1 gram | Sodium: 67 milligrams | Sugar: 5 grams | Fiber: 1 gram | Carbohydrate: 9 grams | Protein: 1 gram

[FAIL] Classic Deviled Eggs (4 Stars).pdf
  Field: nutritional_info
    EXPECTED: Trans Fat: 0 grams Fat: 5 grams Calories: 61 Saturated Fat: 1 gram Unsaturated Fat: 4 grams Sodium: 68 milligrams Sugar: 0 grams Fiber: 0 grams Carbohydrate: 0 grams Protein: 3 grams
    GOT:      Trans Fat: 0 grams | Fat: 5 grams | Calories: 61 | Saturated Fat: 1 gram | Unsaturated Fat: 4 grams | Sodium: 68 milligrams | Sugar: 0 grams | Fiber: 0 grams | Carbohydrate: 0 grams | Protein: 3 grams

[FAIL] Classic Hot Chocolate (0 Stars).pdf
  Field: nutritional_info
    EXPECTED: Fat: 18 grams Calories: 319 Saturated Fat: 10 grams Unsaturated Fat: 6 grams Sodium: 102 milligrams Sugar: 34 grams Fiber: 4 grams Carbohydrate: 39 grams Protein: 8 grams
    GOT:      Fat: 18 grams | Calories: 319 | Saturated Fat: 10 grams | Unsaturated Fat: 6 grams | Sodium: 102 milligrams | Sugar: 34 grams | Fiber: 4 grams | Carbohydrate: 39 grams | Protein: 8 grams
  [SKIP] No JSON for: Classic Tiramisù (5 Stars).pdf

[FAIL] Coffee Walnut Layer Cake (5 Stars).pdf
  Field: nutritional_info
    EXPECTED: Trans Fat: 0 grams Fat: 43 grams Calories: 741 Saturated Fat: 23 grams Unsaturated Fat: 18 grams Sodium: 302 milligrams Sugar: 76 grams Fiber: 2 grams Carbohydrate: 86 grams Protein: 8 grams
    GOT:      Trans Fat: 0 grams | Fat: 43 grams | Calories: 741 | Saturated Fat: 23 grams | Unsaturated Fat: 18 grams | Sodium: 302 milligrams | Sugar: 76 grams | Fiber: 2 grams | Carbohydrate: 86 grams | Protein:...

[FAIL] Cold Noodle Salad with Spicy Peanut Sauce (0 Stars).pdf
  Field: nutritional_info
    EXPECTED: Trans Fat: 0 grams Fat: 31 grams Calories: 638 Saturated Fat: 6 grams Unsaturated Fat: 24 grams Sodium: 1581 milligrams Sugar: 14 grams Fiber: 5 grams Carbohydrate: 78 grams Protein: 23 grams
    GOT:      Trans Fat: 0 grams | Fat: 31 grams | Calories: 638 | Saturated Fat: 6 grams | Unsaturated Fat: 24 grams | Sodium: 1581 milligrams | Sugar: 14 grams | Fiber: 5 grams | Carbohydrate: 78 grams | Protein:...

[FAIL] Corn Salad with Tomatoes, Feta and Mint (0 Stars).pdf
  Field: nutritional_info
    EXPECTED: Trans Fat: 0 grams Fat: 20 grams Calories: 300 Saturated Fat: 7 grams Unsaturated Fat: 11 grams Sodium: 436 milligrams Sugar: 4 grams Fiber: 4 grams Carbohydrate: 27 grams Protein: 9 grams
    GOT:      Trans Fat: 0 grams | Fat: 20 grams | Calories: 300 | Saturated Fat: 7 grams | Unsaturated Fat: 11 grams | Sodium: 436 milligrams | Sugar: 4 grams | Fiber: 4 grams | Carbohydrate: 27 grams | Protein: 9...

[FAIL] Crab Salad with Asparagus, Lemon and Parmesan (0 Stars).pdf
  Field: nutritional_info
    EXPECTED: Trans Fat: 0 grams Fat: 23 grams Calories: 344 Saturated Fat: 5 grams Unsaturated Fat: 17 grams Sodium: 809 milligrams Sugar: 3 grams Fiber: 4 grams Carbohydrate: 9 grams Protein: 28 grams
    GOT:      Trans Fat: 0 grams | Fat: 23 grams | Calories: 344 | Saturated Fat: 5 grams | Unsaturated Fat: 17 grams | Sodium: 809 milligrams | Sugar: 3 grams | Fiber: 4 grams | Carbohydrate: 9 grams | Protein: 28...

[FAIL] Crab Tostadas (0 Stars).pdf
  Field: directions
    EXPECTED: Prepare the Crabmeat Put the crabmeat in a bowl. Pick through it with your fingers to remove any cartilage. Combine the Ingredients Add the oil, mayonnaise, onion, jalapeño, tomatoes, cilantro, and li...
    GOT:      Prepare the Crabmeat Put the crabmeat in a bowl. Pick through it with your fingers to remove any cartilage. Combine the Ingredients Add the oil, mayonnaise, onion, jalapeño, tomatoes, cilantro, and li...

[FAIL] Creamy Cauliflower Soup with Rosemary Olive Oil (5 Stars).pdf
  Field: nutritional_info
    EXPECTED: Trans Fat: 0 grams Fat: 42 grams Calories: 441 Saturated Fat: 6 grams Unsaturated Fat: 34 grams Sodium: 735 milligrams Sugar: 5 grams Fiber: 5 grams Carbohydrate: 17 grams Protein: 5 grams
    GOT:      Trans Fat: 0 grams | Fat: 42 grams | Calories: 441 | Saturated Fat: 6 grams | Unsaturated Fat: 34 grams | Sodium: 735 milligrams | Sugar: 5 grams | Fiber: 5 grams | Carbohydrate: 17 grams | Protein: 5...

[FAIL] Creamy White Beans with Herb Oil (0 Stars).pdf
  Field: nutritional_info
    EXPECTED: Trans Fat: 0 grams Fat: 36 grams Calories: 557 Saturated Fat: 5 grams Unsaturated Fat: 29 grams Sodium: 674 milligrams Sugar: 4 grams Fiber: 11 grams Carbohydrate: 45 grams Protein: 16 grams
    GOT:      Trans Fat: 0 grams | Fat: 36 grams | Calories: 557 | Saturated Fat: 5 grams | Unsaturated Fat: 29 grams | Sodium: 674 milligrams | Sugar: 4 grams | Fiber: 11 grams | Carbohydrate: 45 grams | Protein: ...
  [SKIP] No JSON for: Crème Brûlée (5 Stars).pdf

[FAIL] Cuban Black Beans (0 Stars).pdf
  Field: nutritional_info
    EXPECTED: Trans Fat: 0 grams Fat: 15 grams Calories: 347 Saturated Fat: 4 grams Unsaturated Fat: 10 grams Sodium: 461 milligrams Sugar: 3 grams Fiber: 8 grams Carbohydrate: 33 grams Protein: 22 grams
    GOT:      Trans Fat: 0 grams | Fat: 15 grams | Calories: 347 | Saturated Fat: 4 grams | Unsaturated Fat: 10 grams | Sodium: 461 milligrams | Sugar: 3 grams | Fiber: 8 grams | Carbohydrate: 33 grams | Protein: 2...

[FAIL] Curried Lentil, Tomato, and Coconut Soup (0 Stars).pdf
  Field: ingredients
    EXPECTED: 2 tablespoons virgin coconut oil or extra-virgin olive oil 1 medium onion, finely chopped 2 garlic cloves, finely chopped 1 2½-inch piece ginger, peeled, finely grated 1 tablespoon medium curry powder...
    GOT:      2 tablespoons virgin coconut oil or extra-virgin olive oil 1 medium onion, finely chopped 2 garlic cloves, finely chopped 1 2½-inch piece ginger, peeled, finely grated 1 tablespoon medium curry powder...

[FAIL] Dominosteine (5 Stars).pdf
  Field: directions
    EXPECTED: Beat eggs until light. Add brown sugar and gradually beat well. Grate chocolate in processor. Add to mixture. ​ Combine dry ingredients in bowl – flour, cinnamon, cloves, allspice, baking soda. ​ Add ...
    GOT:      Beat eggs until light. Add brown sugar and gradually beat well. Grate chocolate in processor. Add to mixture. Combine dry ingredients in bowl – flour, cinnamon, cloves, allspice, baking soda. Add alte...

[FAIL] Duck Breasts with Honey and Mustard (0 Stars).pdf
  Field: nutritional_info
    EXPECTED: Trans Fat: 0 grams Fat: 5 grams Calories: 184 Saturated Fat: 2 grams Unsaturated Fat: 2 grams Sodium: 559 milligrams Sugar: 9 grams Fiber: 0 grams Carbohydrate: 9 grams Protein: 24 grams
    GOT:      Trans Fat: 0 grams | Fat: 5 grams | Calories: 184 | Saturated Fat: 2 grams | Unsaturated Fat: 2 grams | Sodium: 559 milligrams | Sugar: 9 grams | Fiber: 0 grams | Carbohydrate: 9 grams | Protein: 24 g...

[FAIL] Farro with Blistered Tomatoes, Pesto and Spinach (5 Stars).pdf
  Field: nutritional_info
    EXPECTED: Trans Fat: 0 grams Fat: 20 grams Calories: 398 Saturated Fat: 6 grams Unsaturated Fat: 9 grams Sodium: 742 milligrams Sugar: 9 grams Fiber: 8 grams Carbohydrate: 44 grams Protein: 16 grams
    GOT:      Trans Fat: 0 grams | Fat: 20 grams | Calories: 398 | Saturated Fat: 6 grams | Unsaturated Fat: 9 grams | Sodium: 742 milligrams | Sugar: 9 grams | Fiber: 8 grams | Carbohydrate: 44 grams | Protein: 16...

[FAIL] Farro with Pistachios, Mixed Herbs, and Golden Raisins (0 Stars).pdf
  Field: ingredients
    EXPECTED: 2 cups farro ½ teaspoon kosher salt, plus more ½ cup pistachios 1½ teaspoons finely grated lemon zest 3 tablespoons fresh lemon juice 1 teaspoon finely grated peeled ginger ½ teaspoon sugar 2 tbs grap...
    GOT:      2 cups farro ½ teaspoon kosher salt, plus more ½ cup pistachios 1½ teaspoons finely grated lemon zest 3 tablespoons fresh lemon juice 1 teaspoon finely grated peeled ginger ½ teaspoon sugar 2 tbs grap...

[FAIL] Farro with Roasted Squash, Feta and Mint (0 Stars).pdf
  Field: nutritional_info
    EXPECTED: Trans Fat: 0 grams Fat: 28 grams Calories: 511 Saturated Fat: 6 grams Unsaturated Fat: 21 grams Sodium: 888 milligrams Sugar: 15 grams Fiber: 8 grams Carbohydrate: 60 grams Protein: 11 grams
    GOT:      Trans Fat: 0 grams | Fat: 28 grams | Calories: 511 | Saturated Fat: 6 grams | Unsaturated Fat: 21 grams | Sodium: 888 milligrams | Sugar: 15 grams | Fiber: 8 grams | Carbohydrate: 60 grams | Protein: ...

[FAIL] Fennel-Apple Salad with Walnuts (0 Stars).pdf
  Field: nutritional_info
    EXPECTED: Trans Fat: 0 grams Fat: 10 grams Calories: 144 Saturated Fat: 1 gram Unsaturated Fat: 8 grams Sodium: 177 milligrams Sugar: 7 grams Fiber: 5 grams Carbohydrate: 14 grams Protein: 3 grams
    GOT:      Trans Fat: 0 grams | Fat: 10 grams | Calories: 144 | Saturated Fat: 1 gram | Unsaturated Fat: 8 grams | Sodium: 177 milligrams | Sugar: 7 grams | Fiber: 5 grams | Carbohydrate: 14 grams | Protein: 3 g...

[FAIL] Florentines (5 Stars).pdf
  Field: ingredients
    EXPECTED: 100 grams (½ cup) sugar ⅓ cup heavy cream 112 grams (⅓ cup) honey 28 grams (2 tablespoons) butter 30 grams (¼ cup) candied orange peel, finely chopped or ground 180 grams (1 ½ cups) blanched, sliced a...
    GOT:      100 grams (½ cup) sugar cup heavy cream I 112 grams ( cup) honey I 28 grams (2 tablespoons) butter 30 grams (¼ cup) candied orange peel, finely chopped or ground 180 grams (1 ½ cups) blanched, sliced ...

[FAIL] Four-Spice Salmon (0 Stars).pdf
  Field: nutritional_info
    EXPECTED: Trans Fat: 0 grams Fat: 30 grams Calories: 421 Saturated Fat: 9 grams Unsaturated Fat: 15 grams Sodium: 418 milligrams Sugar: 0 grams Fiber: 1 gram Carbohydrate: 2 grams Protein: 35 grams
    GOT:      Trans Fat: 0 grams | Fat: 30 grams | Calories: 421 | Saturated Fat: 9 grams | Unsaturated Fat: 15 grams | Sodium: 418 milligrams | Sugar: 0 grams | Fiber: 1 gram | Carbohydrate: 2 grams | Protein: 35 ...

[FAIL] French Onion Grilled Cheese (5 Stars).pdf
  Field: nutritional_info
    EXPECTED: Trans Fat: 0 grams Fat: 44 grams Calories: 680 Saturated Fat: 25 grams Unsaturated Fat: 15 grams Sodium: 874 milligrams Sugar: 15 grams Fiber: 5 grams Carbohydrate: 46 grams Protein: 25 grams
    GOT:      Trans Fat: 0 grams | Fat: 44 grams | Calories: 680 | Saturated Fat: 25 grams | Unsaturated Fat: 15 grams | Sodium: 874 milligrams | Sugar: 15 grams | Fiber: 5 grams | Carbohydrate: 46 grams | Protein:...

[FAIL] French-Style Country Bread (4 Stars).pdf
  Field: nutritional_info
    EXPECTED: Fat: 0g Calories: 140 calories Saturated Fat: 0g Trans Fat: 0g Sodium: 220mg Fiber: 1g Sugar: 1g Carbohydrate: 29g Cholesterol: 0mg Serving Size: 69g Protein: 5g
    GOT:      Fat: 0g | Calories: 140 calories | Saturated Fat: 0g | Trans Fat: 0g | Sodium: 220mg | Fiber: 1g | Sugar: 1g | Carbohydrate: 29g | Cholesterol: 0mg | Serving Size: 69g | Protein: 5g
  [SKIP] No JSON for: Frisée and Apple Salad with Dried Cherries and Walnuts (0 Stars).pdf
  [SKIP] No JSON for: Frisée and Endive Salad with Warm Brussels Sprouts and Toasted Pecans (0 Stars).pdf

[FAIL] Garlic Mashed Potatoes (0 Stars).pdf
  Field: nutritional_info
    EXPECTED: Trans Fat: 0 grams Fat: 13 grams Calories: 302 Saturated Fat: 8 grams Unsaturated Fat: 4 grams Sodium: 640 milligrams Sugar: 3 grams Fiber: 5 grams Carbohydrate: 43 grams Protein: 6 grams
    GOT:      Trans Fat: 0 grams | Fat: 13 grams | Calories: 302 | Saturated Fat: 8 grams | Unsaturated Fat: 4 grams | Sodium: 640 milligrams | Sugar: 3 grams | Fiber: 5 grams | Carbohydrate: 43 grams | Protein: 6 ...

[FAIL] Gingery Pork Stuffed Tomatoes (0 Stars).pdf
  Field: ingredients
    EXPECTED: 8–10 large beefsteak, slicer, or on-the-vine tomatoes ½ tsp. Diamond Crystal or ¼ tsp. Morton kosher salt, plus more 2 large eggs 1 2" piece ginger, peeled, finely grated 3 garlic cloves, finely grate...
    GOT:      8–10 large beefsteak, slicer, or on-the-vine tomatoes ½ tsp. Diamond Crystal or ¼ tsp. Morton kosher salt, plus more 2 large eggs 1 2" piece ginger, peeled, finely grated 3 garlic cloves, finely grate...
  Field: directions
    EXPECTED: Place a rack in middle of oven and preheat to 400°. Using a serrated knife, slice tops off 8–10 large beefsteak, slicer, or on-the-vine tomatoes; reserve tops. Scoop cores with seeds and pulp out of t...
    GOT:      Place a rack in middle of oven and preheat to 400°. Using a serrated knife, slice tops off 8–10 large beefsteak, slicer, or on-the-vine tomatoes; reserve tops. Scoop cores with seeds and pulp out of t...

[FAIL] Golden Grand Marnier Cake (4 Stars).pdf
  Field: notes
    EXPECTED: This cake is very attractive made in individual portions. A 6-cake Bundt-lette pan is the perfect size. The recipe will make 9 individual cakelettes, so you will either need to make only ⅔ of the reci...
    GOT:      This cake is very attractive made in individual portions. A 6-cake Bundt-lette pan is the perfect size. The recipe will make 9 individual cakelettes, so you will either need to make only I of the reci...
  Field: nutritional_info
    EXPECTED: Fat: 15.4 Calories: 297.7 Saturated Fat: 9.3 Sodium: 248.8 Fiber: 0.5 Sugar: 19.7 Carbohydrate: 36.9 Cholesterol: 72.8 Protein: 3.4
    GOT:      Fat: 15.4 | Calories: 297.7 | Saturated Fat: 9.3 | Sodium: 248.8 | Fiber: 0.5 | Sugar: 19.7 | Carbohydrate: 36.9 | Cholesterol: 72.8 | Protein: 3.4

[FAIL] Grilled Corn, Tomato, Feta, and Herb Salad (0 Stars).pdf
  Field: nutritional_info
    EXPECTED: (per serving) 240 Calories 16g Fat 19g Carbs 9g Protein Nutrition Facts Servings: 4 to 6 Amount per serving Calories 240 % Daily Value* Total Fat 16g 20% Saturated Fat 7g 34% Cholesterol 34mg 11% Sodi...
    GOT:      (per serving) | 240 Calories 16g Fat 19g Carbs 9g Protein | Nutrition Facts | Servings: 4 to 6 | Amount per serving | Calories 240 | % Daily Value* | Total Fat 16g 20% | Saturated Fat 7g 34% | Cholest...

[FAIL] Grilled Romaine (0 Stars).pdf
  Field: nutritional_info
    EXPECTED: Trans Fat: 0 grams Fat: 42 grams Calories: 461 Saturated Fat: 8 grams Unsaturated Fat: 32 grams Sodium: 897 milligrams Sugar: 4 grams Fiber: 7 grams Carbohydrate: 12 grams Protein: 12 grams
    GOT:      Trans Fat: 0 grams | Fat: 42 grams | Calories: 461 | Saturated Fat: 8 grams | Unsaturated Fat: 32 grams | Sodium: 897 milligrams | Sugar: 4 grams | Fiber: 7 grams | Carbohydrate: 12 grams | Protein: 1...
  [SKIP] No JSON for: Grilled Za’atar Chicken with Garlic Yogurt and Cilantro (0 Stars).pdf
  [SKIP] No JSON for: Gâteau Invisible (Invisible Apple Cake) (5 Stars).pdf

[FAIL] Homemade Buttermilk Biscuits (Popular Recipe!) (0 Stars).pdf
  Field: ingredients
    EXPECTED: 2 and 1/2 cups (313g) all-purpose flour (spooned & leveled), plus more as needed for hands and work surface 2 Tablespoons aluminum free baking powder (yes, Tablespoons) 1 teaspoon salt 1/2 cup (8 Tbsp...
    GOT:      2 and 1/2 cups (313g) all-purpose flour (spooned & leveled), plus more as needed for hands and work surface 2 Tablespoons aluminum free baking powder (yes, Tablespoons) 1 teaspoon salt 1/2 cup (8 Tbsp...
  Field: directions
    EXPECTED: Preheat oven to 425°F (218°C). Make the biscuits: Place the flour, baking powder, and salt together in a large bowl or in a large food processor. Whisk or pulse until combined. Add the cubed butter an...
    GOT:      
  Field: notes
    EXPECTED: Make Ahead & Freezing Instructions: Baked biscuits freeze well for up to 3 months. Thaw at room temperature or in the refrigerator, then warm up to your liking before serving. You can also freeze the ...
    GOT:      
  Field: nutritional_info
    EXPECTED: Serving Size: 1 biscuit Calories: 212 Sugar: 2.4 g Sodium: 283.5 mg Fat: 9.7 g Carbohydrates: 27.5 g Protein: 4.1 g Cholesterol: 25.4 mg
    GOT:      

[FAIL] Indonesian-Style Chicken Salad (0 Stars).pdf
  Field: nutritional_info
    EXPECTED: Trans Fat: 0 grams Fat: 7 grams Calories: 142 Saturated Fat: 1 gram Unsaturated Fat: 5 grams Sodium: 423 milligrams Sugar: 5 grams Fiber: 4 grams Carbohydrate: 10 grams Protein: 12 grams
    GOT:      Trans Fat: 0 grams | Fat: 7 grams | Calories: 142 | Saturated Fat: 1 gram | Unsaturated Fat: 5 grams | Sodium: 423 milligrams | Sugar: 5 grams | Fiber: 4 grams | Carbohydrate: 10 grams | Protein: 12 g...

[FAIL] Instant Pot Lamb Haleem (0 Stars).pdf
  Field: ingredients
    EXPECTED: ¾ cup assorted dals (such as chana dal, moong dal, masoor dal, and/or urad dal) ¼ cup white jasmine rice or other long-grain rice ¼ cup pearl barley 1½ lb. bone-in lamb stew meat 3 tsp. kosher salt, d...
    GOT:      ¾ cup assorted dals (such as chana dal, moong dal, masoor dal, and/or urad dal) ¼ cup white jasmine rice or other long-grain rice ¼ cup pearl barley 1½ lb. bone-in lamb stew meat 3 tsp. kosher salt, d...
  Field: directions
    EXPECTED: Combine dals, rice, and barley in a medium bowl. Pour in water to cover and swish dals and grains around with your fingers. Drain and repeat process until water runs clear enough to see your hands thr...
    GOT:      
  [SKIP] No JSON for: Jalapeño Popper Skillet Tacos (0 Stars).pdf
  [SKIP] No JSON for: Joanne Chang’s Maple-Blueberry Scones (5 Stars).pdf

[FAIL] Lasagna with Spinach and Roasted Zucchini (0 Stars).pdf
  Field: nutritional_info
    EXPECTED: Trans Fat: 0 grams Fat: 15 grams Calories: 363 Saturated Fat: 6 grams Unsaturated Fat: 8 grams Sodium: 862 milligrams Sugar: 6 grams Fiber: 6 grams Carbohydrate: 40 grams Protein: 19 grams
    GOT:      Trans Fat: 0 grams | Fat: 15 grams | Calories: 363 | Saturated Fat: 6 grams | Unsaturated Fat: 8 grams | Sodium: 862 milligrams | Sugar: 6 grams | Fiber: 6 grams | Carbohydrate: 40 grams | Protein: 19...

[FAIL] Lemon Brownies (4 Stars).pdf
  Field: ingredients
    EXPECTED: Lemon Brownies 300 grams (1 1/2 cups) white sugar 3 tbsp lemon zest (3 small lemons or 2 large lemons) 170 grams (3/4 cup) unsalted butter 170 grams (1 cup) chopped white chocolate 3 large eggs room t...
    GOT:      Lemon Brownies 300 grams (1 1/2 cups) white sugar 3 tbsp lemon zest (3 small lemons or 2 large lemons) 170 grams (3/4 cup) unsalted butter 170 grams (1 cup) chopped white chocolate 3 large eggs room t...
  Field: directions
    EXPECTED: Lemon Brownies Pre-heat the oven to 350ºF. (see notes about the oven temperature) Grease and line a 8×8” square pan with parchment paper. Start by adding the sugar and the zest to a bowl. Rub the suga...
    GOT:      
  Field: notes
    EXPECTED: When doing large quantities it can be easier to process the sugar and lemon zest in a food processor rather than rubbing with your fingers. White chocolate: It’s important to use good quality white ch...
    GOT:      
  Field: nutritional_info
    EXPECTED: 220 kcal Calories: 220kcal
    GOT:      
  [SKIP] No JSON for: LEMON CRÈME BRÛLÉE COOKIES (4 Stars).pdf

[FAIL] Lemon Potato Salad with Mint (0 Stars).pdf
  Field: nutritional_info
    EXPECTED: Trans Fat: 0 grams Fat: 14 grams Calories: 213 Saturated Fat: 2 grams Unsaturated Fat: 11 grams Sodium: 341 milligrams Sugar: 1 gram Fiber: 3 grams Carbohydrate: 22 grams Protein: 3 grams
    GOT:      Trans Fat: 0 grams | Fat: 14 grams | Calories: 213 | Saturated Fat: 2 grams | Unsaturated Fat: 11 grams | Sodium: 341 milligrams | Sugar: 1 gram | Fiber: 3 grams | Carbohydrate: 22 grams | Protein: 3 ...

[FAIL] Lemony Spinach Soup with Farro (0 Stars).pdf
  Field: nutritional_info
    EXPECTED: Trans Fat: 0 grams Fat: 16 grams Calories: 365 Saturated Fat: 6 grams Unsaturated Fat: 9 grams Sodium: 873 milligrams Sugar: 7 grams Fiber: 7 grams Carbohydrate: 47 grams Protein: 12 grams
    GOT:      Trans Fat: 0 grams | Fat: 16 grams | Calories: 365 | Saturated Fat: 6 grams | Unsaturated Fat: 9 grams | Sodium: 873 milligrams | Sugar: 7 grams | Fiber: 7 grams | Carbohydrate: 47 grams | Protein: 12...

[FAIL] Lemony White Bean Soup with Turkey and Greens (0 Stars).pdf
  Field: nutritional_info
    EXPECTED: Trans Fat: 0 grams Fat: 19 grams Calories: 562 Saturated Fat: 4 grams Unsaturated Fat: 14 grams Sodium: 923 milligrams Sugar: 9 grams Fiber: 14 grams Carbohydrate: 66 grams Protein: 36 grams
    GOT:      Trans Fat: 0 grams | Fat: 19 grams | Calories: 562 | Saturated Fat: 4 grams | Unsaturated Fat: 14 grams | Sodium: 923 milligrams | Sugar: 9 grams | Fiber: 14 grams | Carbohydrate: 66 grams | Protein: ...
  [SKIP] No JSON for: Lidia’s Baked Fennel with Sage (0 Stars).pdf
  [SKIP] No JSON for: Lidia’s Baked Rigatoni and Zucchini (0 Stars).pdf
  [SKIP] No JSON for: Lidia’s Pork & Prune Kabobs (0 Stars).pdf

[FAIL] Lisbon Chocolate Cake (5 Stars).pdf
  Field: nutritional_info
    EXPECTED: Trans Fat: 1 gram Fat: 36 grams Calories: 450 Saturated Fat: 22 grams Unsaturated Fat: 12 grams Sodium: 106 milligrams Sugar: 28 grams Fiber: 4 grams Carbohydrate: 35 grams Protein: 5 grams
    GOT:      Trans Fat: 1 gram | Fat: 36 grams | Calories: 450 | Saturated Fat: 22 grams | Unsaturated Fat: 12 grams | Sodium: 106 milligrams | Sugar: 28 grams | Fiber: 4 grams | Carbohydrate: 35 grams | Protein: ...

[FAIL] Magic Cookie Bars (5 Stars).pdf
  Field: nutritional_info
    EXPECTED: Trans Fat: 0 grams Fat: 22 grams Calories: 393 Saturated Fat: 11 grams Unsaturated Fat: 11 grams Sodium: 214 milligrams Sugar: 33 grams Fiber: 3 grams Carbohydrate: 47 grams Protein: 6 grams
    GOT:      Trans Fat: 0 grams | Fat: 22 grams | Calories: 393 | Saturated Fat: 11 grams | Unsaturated Fat: 11 grams | Sodium: 214 milligrams | Sugar: 33 grams | Fiber: 3 grams | Carbohydrate: 47 grams | Protein:...
  [SKIP] No JSON for: Mailänderli (0 Stars).pdf

[FAIL] Maple Brown Sugar Cookies (5 Stars).pdf
  Field: ingredients
    EXPECTED: 2 and 1/3 cups (291g) all-purpose flour (spooned & leveled) 1 teaspoon baking soda 1/2 teaspoon salt 1/2 cup (8 Tbsp; 113g) unsalted butter, softened to room temperature 1 cup (200g) packed dark brown...
    GOT:      2 and 1/3 cups (291g) all-purpose flour (spooned & leveled) 1 teaspoon baking soda 1/2 teaspoon salt 1/2 cup (8 Tbsp; 113g) unsalted butter, softened to room temperature 1 cup (200g) packed dark brown...
  Field: directions
    EXPECTED: Whisk the flour, baking soda, and salt together in a medium bowl. Set aside. Using a hand mixer or a stand mixer fitted with a paddle attachment, cream the butter and brown sugar together on medium sp...
    GOT:      
  Field: notes
    EXPECTED: Make Ahead Instructions: You can make the cookie dough and chill it in the refrigerator for up to 3 days. Allow to come to room temperature then continue with step 5. Baked cookies, with or without ic...
    GOT:      

[FAIL] Mattar Paneer (Peas and Paneer in Spiced Tomato Gravy) (0 Stars).pdf
  Field: nutritional_info
    EXPECTED: Trans Fat: 0 grams Fat: 25 grams Calories: 365 Saturated Fat: 5 grams Unsaturated Fat: 19 grams Sodium: 478 milligrams Sugar: 3 grams Fiber: 2 grams Carbohydrate: 29 grams Protein: 10 grams
    GOT:      Trans Fat: 0 grams | Fat: 25 grams | Calories: 365 | Saturated Fat: 5 grams | Unsaturated Fat: 19 grams | Sodium: 478 milligrams | Sugar: 3 grams | Fiber: 2 grams | Carbohydrate: 29 grams | Protein: 1...

[FAIL] Millionaire's Shortbread (5 Stars).pdf
  Field: ingredients
    EXPECTED: For the shortbread: ½ cup brown sugar 2 tsp vanilla extract 2 tsp kosher salt 1 cup unsalted butter, melted 2 cup all-purpose flour Raw/turbinado sugar, sprinkled For the caramel: ½ cup unsalted butte...
    GOT:      For the shortbread: ½ cup brown sugar 2 tsp vanilla extract 2 tsp kosher salt 1 cup unsalted butter, melted 2 cup all-purpose flour Raw/turbinado sugar, sprinkled For the caramel: ½ cup unsalted butte...
  Field: directions
    EXPECTED: Shortbread In a large bowl, add brown sugar, vanilla extract, kosher salt, and melted butter. Give it a whisk until everything is smooth and homogenous. Afterwards, add all-purpose flour and whisk tog...
    GOT:      

[FAIL] Mississippi Roast (0 Stars).pdf
  Field: nutritional_info
    EXPECTED: Trans Fat: 0 grams Fat: 42 grams Calories: 590 Saturated Fat: 15 grams Unsaturated Fat: 22 grams Sodium: 608 milligrams Sugar: 0 grams Fiber: 0 grams Carbohydrate: 4 grams Protein: 48 grams
    GOT:      Trans Fat: 0 grams | Fat: 42 grams | Calories: 590 | Saturated Fat: 15 grams | Unsaturated Fat: 22 grams | Sodium: 608 milligrams | Sugar: 0 grams | Fiber: 0 grams | Carbohydrate: 4 grams | Protein: 4...

[FAIL] Moqueca (Brazilian Seafood Stew) (0 Stars).pdf
  Field: nutritional_info
    EXPECTED: Trans Fat: 0 grams Fat: 22 grams Calories: 375 Saturated Fat: 13 grams Unsaturated Fat: 8 grams Sodium: 877 milligrams Sugar: 5 grams Fiber: 3 grams Carbohydrate: 21 grams Protein: 25 grams
    GOT:      Trans Fat: 0 grams | Fat: 22 grams | Calories: 375 | Saturated Fat: 13 grams | Unsaturated Fat: 8 grams | Sodium: 877 milligrams | Sugar: 5 grams | Fiber: 3 grams | Carbohydrate: 21 grams | Protein: 2...

[FAIL] Mushroom Piccata (5 Stars).pdf
  Field: nutritional_info
    EXPECTED: Trans Fat: 0 grams Fat: 37 grams Calories: 380 Saturated Fat: 10 grams Unsaturated Fat: 25 grams Sodium: 681 milligrams Sugar: 7 grams Fiber: 4 grams Carbohydrate: 12 grams Protein: 6 grams
    GOT:      Trans Fat: 0 grams | Fat: 37 grams | Calories: 380 | Saturated Fat: 10 grams | Unsaturated Fat: 25 grams | Sodium: 681 milligrams | Sugar: 7 grams | Fiber: 4 grams | Carbohydrate: 12 grams | Protein: ...

[FAIL] Mushroom Risotto with Peas (3 Stars).pdf
  Field: nutritional_info
    EXPECTED: Trans Fat: 0 grams Fat: 9 grams Calories: 342 Saturated Fat: 3 grams Unsaturated Fat: 5 grams Sodium: 1020 milligrams Sugar: 3 grams Fiber: 6 grams Carbohydrate: 52 grams Protein: 11 grams
    GOT:      Trans Fat: 0 grams | Fat: 9 grams | Calories: 342 | Saturated Fat: 3 grams | Unsaturated Fat: 5 grams | Sodium: 1020 milligrams | Sugar: 3 grams | Fiber: 6 grams | Carbohydrate: 52 grams | Protein: 11...

[FAIL] Mushroom Stroganoff (0 Stars).pdf
  Field: nutritional_info
    EXPECTED: Trans Fat: 0 grams Fat: 15 grams Calories: 256 Saturated Fat: 4 grams Unsaturated Fat: 9 grams Sodium: 927 milligrams Sugar: 6 grams Fiber: 4 grams Carbohydrate: 22 grams Protein: 8 grams
    GOT:      Trans Fat: 0 grams | Fat: 15 grams | Calories: 256 | Saturated Fat: 4 grams | Unsaturated Fat: 9 grams | Sodium: 927 milligrams | Sugar: 6 grams | Fiber: 4 grams | Carbohydrate: 22 grams | Protein: 8 ...

[FAIL] Namoura (Syrup-Soaked Semolina Cake) (4 Stars).pdf
  Field: nutritional_info
    EXPECTED: Trans Fat: 0 grams Fat: 7 grams Calories: 247 Saturated Fat: 4 grams Unsaturated Fat: 3 grams Sodium: 149 milligrams Sugar: 26 grams Fiber: 1 gram Carbohydrate: 42 grams Protein: 4 grams
    GOT:      Trans Fat: 0 grams | Fat: 7 grams | Calories: 247 | Saturated Fat: 4 grams | Unsaturated Fat: 3 grams | Sodium: 149 milligrams | Sugar: 26 grams | Fiber: 1 gram | Carbohydrate: 42 grams | Protein: 4 g...

[FAIL] Neapolitan Checkerboard Cookies (5 Stars).pdf
  Field: ingredients
    EXPECTED: Vanilla Shortbread 1 1/2 cups/192 grams all-purpose flour 1/2 teaspoon kosher salt (such as Diamond Crystal) 1/2 cup/112 grams unsalted butter, at room temperature 1/2 cup/100 grams granulated sugar 1...
    GOT:      Vanilla Shortbread 1 1/2 cups/192 grams all-purpose flour 1/2 teaspoon kosher salt (such as Diamond Crystal) 1/2 cup/112 grams unsalted butter, at room temperature 1/2 cup/100 grams granulated sugar 1...
  Field: directions
    EXPECTED: Prepare the vanilla shortbread: Whisk together flour and salt in a medium bowl. In the bowl of a stand mixer fitted with a paddle, combine butter and sugar on medium speed until pale yellow, about 2 m...
    GOT:      
  Field: nutritional_info
    EXPECTED: Trans Fat: 0 grams Fat: 5 grams Calories: 97 Saturated Fat: 3 grams Unsaturated Fat: 2 grams Sodium: 52 milligrams Sugar: 5 grams Fiber: 0 grams Carbohydrate: 12 grams Protein: 1 gram
    GOT:      

[FAIL] New Mexico Breakfast Burritos (4 Stars).pdf
  Field: nutritional_info
    EXPECTED: Trans Fat: 0 grams Fat: 61 grams Calories: 921 Saturated Fat: 16 grams Unsaturated Fat: 42 grams Sodium: 1086 milligrams Sugar: 5 grams Fiber: 6 grams Carbohydrate: 68 grams Protein: 25 grams
    GOT:      Trans Fat: 0 grams | Fat: 61 grams | Calories: 921 | Saturated Fat: 16 grams | Unsaturated Fat: 42 grams | Sodium: 1086 milligrams | Sugar: 5 grams | Fiber: 6 grams | Carbohydrate: 68 grams | Protein:...

[FAIL] One-Pan Orzo with Spinach and Feta (0 Stars).pdf
  Field: nutritional_info
    EXPECTED: Trans Fat: 0 grams Fat: 12 grams Calories: 277 Saturated Fat: 7 grams Unsaturated Fat: 4 grams Sodium: 557 milligrams Sugar: 4 grams Fiber: 3 grams Carbohydrate: 31 grams Protein: 12 grams
    GOT:      Trans Fat: 0 grams | Fat: 12 grams | Calories: 277 | Saturated Fat: 7 grams | Unsaturated Fat: 4 grams | Sodium: 557 milligrams | Sugar: 4 grams | Fiber: 3 grams | Carbohydrate: 31 grams | Protein: 12...

[FAIL] One-Pan Zucchini-Pesto Orzo (0 Stars).pdf
  Field: nutritional_info
    EXPECTED: Trans Fat: 0 grams Fat: 38 grams Calories: 579 Saturated Fat: 11 grams Unsaturated Fat: 16 grams Sodium: 962 milligrams Sugar: 8 grams Fiber: 4 grams Carbohydrate: 37 grams Protein: 24 grams
    GOT:      Trans Fat: 0 grams | Fat: 38 grams | Calories: 579 | Saturated Fat: 11 grams | Unsaturated Fat: 16 grams | Sodium: 962 milligrams | Sugar: 8 grams | Fiber: 4 grams | Carbohydrate: 37 grams | Protein: ...

[FAIL] Orzo Salad (0 Stars).pdf
  Field: nutritional_info
    EXPECTED: Trans Fat: 0 grams Fat: 22 grams Calories: 368 Saturated Fat: 6 grams Unsaturated Fat: 14 grams Sodium: 519 milligrams Sugar: 4 grams Fiber: 5 grams Carbohydrate: 32 grams Protein: 11 grams
    GOT:      Trans Fat: 0 grams | Fat: 22 grams | Calories: 368 | Saturated Fat: 6 grams | Unsaturated Fat: 14 grams | Sodium: 519 milligrams | Sugar: 4 grams | Fiber: 5 grams | Carbohydrate: 32 grams | Protein: 1...

[FAIL] Orzo Salad with Lentils and Zucchini (0 Stars).pdf
  Field: nutritional_info
    EXPECTED: Trans Fat: 0 grams Fat: 25 grams Calories: 454 Saturated Fat: 4 grams Unsaturated Fat: 21 grams Sodium: 446 milligrams Sugar: 5 grams Fiber: 10 grams Carbohydrate: 47 grams Protein: 15 grams
    GOT:      Trans Fat: 0 grams | Fat: 25 grams | Calories: 454 | Saturated Fat: 4 grams | Unsaturated Fat: 21 grams | Sodium: 446 milligrams | Sugar: 5 grams | Fiber: 10 grams | Carbohydrate: 47 grams | Protein: ...

[FAIL] Panang Curry (4 Stars).pdf
  Field: nutritional_info
    EXPECTED: Trans Fat: 0 grams Fat: 28 grams Calories: 479 Saturated Fat: 19 grams Unsaturated Fat: 6 grams Sodium: 364 milligrams Sugar: 2 grams Fiber: 2 grams Carbohydrate: 28 grams Protein: 32 grams
    GOT:      Trans Fat: 0 grams | Fat: 28 grams | Calories: 479 | Saturated Fat: 19 grams | Unsaturated Fat: 6 grams | Sodium: 364 milligrams | Sugar: 2 grams | Fiber: 2 grams | Carbohydrate: 28 grams | Protein: 3...
  [SKIP] No JSON for: Pasta with Veal, Sausage and Porcini Ragù (0 Stars).pdf

[FAIL] Pesto Beans (0 Stars).pdf
  Field: nutritional_info
    EXPECTED: Trans Fat: 0 grams Fat: 42 grams Calories: 761 Saturated Fat: 9 grams Unsaturated Fat: 30 grams Sodium: 1180 milligrams Sugar: 9 grams Fiber: 15 grams Carbohydrate: 70 grams Protein: 32 grams
    GOT:      Trans Fat: 0 grams | Fat: 42 grams | Calories: 761 | Saturated Fat: 9 grams | Unsaturated Fat: 30 grams | Sodium: 1180 milligrams | Sugar: 9 grams | Fiber: 15 grams | Carbohydrate: 70 grams | Protein:...

[FAIL] Phyllo Meat Pie (Egyptian Goulash) (0 Stars).pdf
  Field: ingredients
    EXPECTED: 16 ounce package of frozen phyllo dough, thawed in its package 1 egg, whisked in 1 cup of milk 1 cup extra virgin olive oil, (OR 1/2 cup olive oil combined with 1/2 cup melted butter) For The Meat Fil...
    GOT:      Calories: 384.9kcal | Carbohydrates: 21.5g | Protein: 14.7g | Fat: 26.4g | Saturated Fat: Nutritional Information: 5.6g | Polyunsaturated Fat: 2.5g | Monounsaturated Fat: 16.9g | Trans Fat: 0.4g | Cho...
  Field: nutritional_info
    EXPECTED: Calories: 384.9kcal Carbohydrates: 21.5g Protein: 14.7g Fat: 26.4g Saturated Fat: 5.6g Polyunsaturated Fat: 2.5g Monounsaturated Fat: 16.9g Trans Fat: 0.4g Cholesterol: 50.5mg Sodium: 226.2mg Potassiu...
    GOT:      
  [SKIP] No JSON for: Pommes Boulangère (0 Stars).pdf
  [SKIP] No JSON for: Pork Ragù Over Creamy Polenta (0 Stars).pdf

[FAIL] Portuguese Egg Custard Tarts (0 Stars).pdf
  Field: nutritional_info
    EXPECTED: Trans Fat: 0 grams Fat: 4 grams Calories: 81 Saturated Fat: 1 gram Unsaturated Fat: 3 grams Sodium: 27 milligrams Sugar: 5 grams Fiber: 0 grams Carbohydrate: 10 grams Protein: 1 gram
    GOT:      Trans Fat: 0 grams | Fat: 4 grams | Calories: 81 | Saturated Fat: 1 gram | Unsaturated Fat: 3 grams | Sodium: 27 milligrams | Sugar: 5 grams | Fiber: 0 grams | Carbohydrate: 10 grams | Protein: 1 gram
  [SKIP] No JSON for: Provençal Salmon with Fennel, Rosemary and Orange Zest (0 Stars).pdf

[FAIL] Quinoa Salad (0 Stars).pdf
  Field: nutritional_info
    EXPECTED: Trans Fat: 0 grams Fat: 19 grams Calories: 343 Saturated Fat: 3 grams Unsaturated Fat: 16 grams Sodium: 699 milligrams Sugar: 4 grams Fiber: 7 grams Carbohydrate: 39 grams Protein: 8 grams
    GOT:      Trans Fat: 0 grams | Fat: 19 grams | Calories: 343 | Saturated Fat: 3 grams | Unsaturated Fat: 16 grams | Sodium: 699 milligrams | Sugar: 4 grams | Fiber: 7 grams | Carbohydrate: 39 grams | Protein: 8...

[FAIL] Red Beans and Rice (0 Stars).pdf
  Field: nutritional_info
    EXPECTED: Trans Fat: 0 grams Fat: 8 grams Calories: 317 Saturated Fat: 1 gram Unsaturated Fat: 6 grams Sodium: 324 milligrams Sugar: 3 grams Fiber: 18 grams Carbohydrate: 46 grams Protein: 18 grams
    GOT:      Trans Fat: 0 grams | Fat: 8 grams | Calories: 317 | Saturated Fat: 1 gram | Unsaturated Fat: 6 grams | Sodium: 324 milligrams | Sugar: 3 grams | Fiber: 18 grams | Carbohydrate: 46 grams | Protein: 18 ...

[FAIL] Red Curry Lentils with Sweet Potatoes and Spinach (0 Stars).pdf
  Field: nutritional_info
    EXPECTED: Trans Fat: 0 grams Fat: 23 grams Calories: 410 Saturated Fat: 15 grams Unsaturated Fat: 7 grams Sodium: 764 milligrams Sugar: 5 grams Fiber: 8 grams Carbohydrate: 44 grams Protein: 12 grams
    GOT:      Trans Fat: 0 grams | Fat: 23 grams | Calories: 410 | Saturated Fat: 15 grams | Unsaturated Fat: 7 grams | Sodium: 764 milligrams | Sugar: 5 grams | Fiber: 8 grams | Carbohydrate: 44 grams | Protein: 1...

[FAIL] Red Mole Chicken with Chorizo (4 Stars).pdf
  Field: ingredients
    EXPECTED: 4 dried ancho chilies 2 tbs olive oil 4 cloves garlic 1 onion 1 lb fresh Mexican chorizo 1 lb boneless, skinless chicken breasts a pinch of ground cloves ½ tsp ground cinnamon 2 tbs cider vinegar 2 gr...
    GOT:      4 dried ancho chilies 2 tbs olive oil 4 cloves garlic 1 onion 1 lb fresh Mexican chorizo 1 lb boneless, skinless chicken breasts a pinch of ground cloves ½ tsp ground cinnamon 2 tbs cider vinegar 2 gr...

[FAIL] Red Velvet Cake with Cream Cheese Frosting (3 Stars).pdf
  Field: ingredients
    EXPECTED: 3 cups (360g) cake flour (spooned & leveled) 1 teaspoon baking soda 2 Tablespoons (10g) unsweetened natural cocoa powder 1/2 teaspoon salt 1/2 cup (8 Tbsp; 113g) unsalted butter, softened to room temp...
    GOT:      you see here, use 2 teaspoons of gel food coloring. You could use liquid food coloring too, but gel food coloring is more potent. You’ll need at least 1 Tablespoon of liquid. Dye the batter until you ...
  Field: directions
    EXPECTED: Preheat oven to 350°F (177°C). Grease two 9-inch cake pans, line with parchment paper rounds, then grease the parchment paper. Parchment paper helps the cakes seamlessly release from the pans. (If it’...
    GOT:      
  Field: notes
    EXPECTED: Make Ahead Instructions: The cake layers can be baked, cooled, and covered tightly at room temperature overnight. Likewise, the frosting can be prepared then covered and refrigerated overnight. Let th...
    GOT:      
  [SKIP] No JSON for: Rigatoni with Spicy Calabrese-Style Pork Ragù (0 Stars).pdf

[FAIL] Roasted Broccoli and Chickpeas with Mole Verde (0 Stars).pdf
  Field: nutritional_info
    EXPECTED: Trans Fat: 0 grams Fat: 46 grams Calories: 868 Saturated Fat: 7 grams Unsaturated Fat: 35 grams Sodium: 1847 milligrams Sugar: 19 grams Fiber: 30 grams Carbohydrate: 91 grams Protein: 39 grams
    GOT:      Trans Fat: 0 grams | Fat: 46 grams | Calories: 868 | Saturated Fat: 7 grams | Unsaturated Fat: 35 grams | Sodium: 1847 milligrams | Sugar: 19 grams | Fiber: 30 grams | Carbohydrate: 91 grams | Protein...

[FAIL] Roasted Broccoli Rabe and White Beans with Burrata (0 Stars).pdf
  Field: nutritional_info
    EXPECTED: Trans Fat: 0 grams Fat: 40 grams Calories: 640 Saturated Fat: 18 grams Unsaturated Fat: 20 grams Sodium: 963 milligrams Sugar: 7 grams Fiber: 10 grams Carbohydrate: 37 grams Protein: 37 grams
    GOT:      Trans Fat: 0 grams | Fat: 40 grams | Calories: 640 | Saturated Fat: 18 grams | Unsaturated Fat: 20 grams | Sodium: 963 milligrams | Sugar: 7 grams | Fiber: 10 grams | Carbohydrate: 37 grams | Protein:...

[FAIL] Roasted Broccolini and Lemon with Parmesan (0 Stars).pdf
  Field: nutritional_info
    EXPECTED: Trans Fat: 0 grams Fat: 18 grams Calories: 294 Saturated Fat: 5 grams Unsaturated Fat: 12 grams Sodium: 836 milligrams Sugar: 6 grams Fiber: 9 grams Carbohydrate: 24 grams Protein: 16 grams
    GOT:      Trans Fat: 0 grams | Fat: 18 grams | Calories: 294 | Saturated Fat: 5 grams | Unsaturated Fat: 12 grams | Sodium: 836 milligrams | Sugar: 6 grams | Fiber: 9 grams | Carbohydrate: 24 grams | Protein: 1...

[FAIL] Roasted Brussels Sprouts with Gochujang Brown Butter (5 Stars).pdf
  Field: ingredients
    EXPECTED: 3 lb. brussels sprouts, trimmed, halved if large 2 Tbsp. extra-virgin olive oil Kosher salt, freshly ground pepper ½ cup coarsely chopped walnuts (optional) 6 Tbsp. unsalted butter ⅓ cup gochujang (Ko...
    GOT:      3 lb. brussels sprouts, trimmed, halved if large 2 Tbsp. extra-virgin olive oil Kosher salt, freshly ground pepper ½ cup coarsely chopped walnuts (optional) 6 Tbsp. unsalted butter cup gochujang (Kore...

[FAIL] Roasted Carrot Salad with Arugula and Pomegranate (0 Stars).pdf
  Field: nutritional_info
    EXPECTED: Trans Fat: 0 grams Fat: 23 grams Calories: 325 Saturated Fat: 3 grams Unsaturated Fat: 19 grams Sodium: 340 milligrams Sugar: 13 grams Fiber: 6 grams Carbohydrate: 29 grams Protein: 4 grams
    GOT:      Trans Fat: 0 grams | Fat: 23 grams | Calories: 325 | Saturated Fat: 3 grams | Unsaturated Fat: 19 grams | Sodium: 340 milligrams | Sugar: 13 grams | Fiber: 6 grams | Carbohydrate: 29 grams | Protein: ...

[FAIL] Roasted Carrots with Turmeric and Cumin (0 Stars).pdf
  Field: nutritional_info
    EXPECTED: Trans Fat: 0 grams Fat: 9 grams Calories: 120 Saturated Fat: 3 grams Unsaturated Fat: 5 grams Sodium: 266 milligrams Sugar: 5 grams Fiber: 3 grams Carbohydrate: 11 grams Protein: 1 gram
    GOT:      Trans Fat: 0 grams | Fat: 9 grams | Calories: 120 | Saturated Fat: 3 grams | Unsaturated Fat: 5 grams | Sodium: 266 milligrams | Sugar: 5 grams | Fiber: 3 grams | Carbohydrate: 11 grams | Protein: 1 g...
  [SKIP] No JSON for: Roberta’s Pizza Dough (0 Stars).pdf

[FAIL] Sachertorte Wedding Cake (0 Stars).pdf
  Field: ingredients
    EXPECTED: 35cm cake board, 1cm deep (plus another if decorating the cake stand) For the lilac and roses cake* 10-12 sprigs white lilac 10-12 crimson roses 8 white ranunculus 10-12 white lisianthus camellia buds...
    GOT:      5 Starting with the largest cake, pour over a thin layer of icing and then, using a long-bladed palette To serve the cake, divide each tier into quarters, then cut into 5cm (2in) wide wedges and cut e...
  Field: directions
    EXPECTED: The cake freezes well if each tier is kept in an airtight container, un-iced and wrapped in a double layer of foil, for up to 8 weeks. Defrost overnight at room temperature. Alternatively, make the ca...
    GOT:      
  [SKIP] No JSON for: Salted Butter Caramel–Chocolate Mousse (5 Stars).pdf

[FAIL] Salted Margarita Bars (4 Stars).pdf
  Field: nutritional_info
    EXPECTED: Trans Fat: 0 grams Fat: 9 grams Calories: 163 Saturated Fat: 5 grams Unsaturated Fat: 3 grams Sodium: 102 milligrams Sugar: 14 grams Fiber: 0 grams Carbohydrate: 15 grams Protein: 3 grams
    GOT:      Trans Fat: 0 grams | Fat: 9 grams | Calories: 163 | Saturated Fat: 5 grams | Unsaturated Fat: 3 grams | Sodium: 102 milligrams | Sugar: 14 grams | Fiber: 0 grams | Carbohydrate: 15 grams | Protein: 3 ...

[FAIL] Sangria! (0 Stars).pdf
  Field: ingredients
    EXPECTED: 1 (750 milliliter) bottle dry red wine ½ cup brandy or Grand Marnier ½ cup triple sec ⅓ cup frozen lemonade concentrate ⅓ cup orange juice ¼ cup lemon juice ¼ cup white sugar (Optional) 1 medium orang...
    GOT:      1 (750 milliliter) bottle dry red wine ½ cup brandy or Grand Marnier ½ cup triple sec cup frozen lemonade I concentrate cup orange juice I ¼ cup lemon juice ¼ cup white sugar (Optional) 1 medium orang...

[FAIL] Seared Scallops with Jammy Cherry Tomatoes (0 Stars).pdf
  Field: nutritional_info
    EXPECTED: Trans Fat: 0 grams Fat: 16 grams Calories: 272 Saturated Fat: 6 grams Unsaturated Fat: 9 grams Sodium: 706 milligrams Sugar: 5 grams Fiber: 3 grams Carbohydrate: 15 grams Protein: 16 grams
    GOT:      Trans Fat: 0 grams | Fat: 16 grams | Calories: 272 | Saturated Fat: 6 grams | Unsaturated Fat: 9 grams | Sodium: 706 milligrams | Sugar: 5 grams | Fiber: 3 grams | Carbohydrate: 15 grams | Protein: 16...
  [SKIP] No JSON for: Semo’s Brownies (5 Stars).pdf

[FAIL] Sheet-Pan Chicken with Apple, Fennel and Onion (0 Stars).pdf
  Field: nutritional_info
    EXPECTED: Trans Fat: 0 grams Fat: 42 grams Calories: 564 Saturated Fat: 10 grams Unsaturated Fat: 27 grams Sodium: 705 milligrams Sugar: 5 grams Fiber: 3 grams Carbohydrate: 11 grams Protein: 35 grams
    GOT:      Trans Fat: 0 grams | Fat: 42 grams | Calories: 564 | Saturated Fat: 10 grams | Unsaturated Fat: 27 grams | Sodium: 705 milligrams | Sugar: 5 grams | Fiber: 3 grams | Carbohydrate: 11 grams | Protein: ...

[FAIL] Sheet-Pan Feta with Chickpeas and Tomatoes (0 Stars).pdf
  Field: nutritional_info
    EXPECTED: Trans Fat: 0 grams Fat: 38 grams Calories: 650 Saturated Fat: 15 grams Unsaturated Fat: 19 grams Sodium: 1439 milligrams Sugar: 19 grams Fiber: 11 grams Carbohydrate: 54 grams Protein: 27 grams
    GOT:      Trans Fat: 0 grams | Fat: 38 grams | Calories: 650 | Saturated Fat: 15 grams | Unsaturated Fat: 19 grams | Sodium: 1439 milligrams | Sugar: 19 grams | Fiber: 11 grams | Carbohydrate: 54 grams | Protei...

[FAIL] Sheet-Pan Gochujang Shrimp and Green Beans (0 Stars).pdf
  Field: nutritional_info
    EXPECTED: Trans Fat: 0 grams Fat: 8 grams Calories: 227 Saturated Fat: 1 gram Unsaturated Fat: 7 grams Sodium: 789 milligrams Sugar: 7 grams Fiber: 4 grams Carbohydrate: 14 grams Protein: 27 grams
    GOT:      Trans Fat: 0 grams | Fat: 8 grams | Calories: 227 | Saturated Fat: 1 gram | Unsaturated Fat: 7 grams | Sodium: 789 milligrams | Sugar: 7 grams | Fiber: 4 grams | Carbohydrate: 14 grams | Protein: 27 g...

[FAIL] Shortbread, 10 Ways (5 Stars).pdf
  Field: nutritional_info
    EXPECTED: Trans Fat: 0 grams Fat: 8 grams Calories: 130 Saturated Fat: 5 grams Unsaturated Fat: 3 grams Sodium: 61 milligrams Sugar: 6 grams Fiber: 0 grams Carbohydrate: 14 grams Protein: 1 gram
    GOT:      Trans Fat: 0 grams | Fat: 8 grams | Calories: 130 | Saturated Fat: 5 grams | Unsaturated Fat: 3 grams | Sodium: 61 milligrams | Sugar: 6 grams | Fiber: 0 grams | Carbohydrate: 14 grams | Protein: 1 gr...

[FAIL] Slow-Cooker Butter Chicken (0 Stars).pdf
  Field: nutritional_info
    EXPECTED: Trans Fat: 0 grams Fat: 26 grams Calories: 522 Saturated Fat: 11 grams Unsaturated Fat: 13 grams Sodium: 816 milligrams Sugar: 5 grams Fiber: 2 grams Carbohydrate: 22 grams Protein: 50 grams
    GOT:      Trans Fat: 0 grams | Fat: 26 grams | Calories: 522 | Saturated Fat: 11 grams | Unsaturated Fat: 13 grams | Sodium: 816 milligrams | Sugar: 5 grams | Fiber: 2 grams | Carbohydrate: 22 grams | Protein: ...

[FAIL] Slow-Cooker Cauliflower, Potato and White Bean Soup (0 Stars).pdf
  Field: nutritional_info
    EXPECTED: Trans Fat: 0 grams Fat: 16 grams Calories: 402 Saturated Fat: 9 grams Unsaturated Fat: 5 grams Sodium: 1158 milligrams Sugar: 4 grams Fiber: 11 grams Carbohydrate: 52 grams Protein: 16 grams
    GOT:      Trans Fat: 0 grams | Fat: 16 grams | Calories: 402 | Saturated Fat: 9 grams | Unsaturated Fat: 5 grams | Sodium: 1158 milligrams | Sugar: 4 grams | Fiber: 11 grams | Carbohydrate: 52 grams | Protein: ...

[FAIL] Slow-Roasted Citrus Salmon with Herb Salad (0 Stars).pdf
  Field: nutritional_info
    EXPECTED: Trans Fat: 0 grams Fat: 70 grams Calories: 771 Saturated Fat: 11 grams Unsaturated Fat: 54 grams Sodium: 517 milligrams Sugar: 2 grams Fiber: 2 grams Carbohydrate: 12 grams Protein: 27 grams
    GOT:      Trans Fat: 0 grams | Fat: 70 grams | Calories: 771 | Saturated Fat: 11 grams | Unsaturated Fat: 54 grams | Sodium: 517 milligrams | Sugar: 2 grams | Fiber: 2 grams | Carbohydrate: 12 grams | Protein: ...

[FAIL] Smashed Roasted Carrots (0 Stars).pdf
  Field: nutritional_info
    EXPECTED: Trans Fat: 0 grams Fat: 16 grams Calories: 285 Saturated Fat: 2 grams Unsaturated Fat: 12 grams Sodium: 791 milligrams Sugar: 16 grams Fiber: 10 grams Carbohydrate: 33 grams Protein: 7 grams
    GOT:      Trans Fat: 0 grams | Fat: 16 grams | Calories: 285 | Saturated Fat: 2 grams | Unsaturated Fat: 12 grams | Sodium: 791 milligrams | Sugar: 16 grams | Fiber: 10 grams | Carbohydrate: 33 grams | Protein:...

[FAIL] Smoky Lentil Stew with Leeks and Potatoes (0 Stars).pdf
  Field: nutritional_info
    EXPECTED: Trans Fat: 0 grams Fat: 8 grams Calories: 397 Saturated Fat: 1 gram Unsaturated Fat: 6 grams Sodium: 733 milligrams Sugar: 6 grams Fiber: 11 grams Carbohydrate: 68 grams Protein: 17 grams
    GOT:      Trans Fat: 0 grams | Fat: 8 grams | Calories: 397 | Saturated Fat: 1 gram | Unsaturated Fat: 6 grams | Sodium: 733 milligrams | Sugar: 6 grams | Fiber: 11 grams | Carbohydrate: 68 grams | Protein: 17 ...

[FAIL] Spicy Pork Stew with Hominy and Collard Greens (4 Stars).pdf
  Field: nutritional_info
    EXPECTED: Trans Fat: 0 grams Fat: 44 grams Calories: 615 Saturated Fat: 13 grams Unsaturated Fat: 25 grams Sodium: 827 milligrams Sugar: 2 grams Fiber: 3 grams Carbohydrate: 12 grams Protein: 39 grams
    GOT:      Trans Fat: 0 grams | Fat: 44 grams | Calories: 615 | Saturated Fat: 13 grams | Unsaturated Fat: 25 grams | Sodium: 827 milligrams | Sugar: 2 grams | Fiber: 3 grams | Carbohydrate: 12 grams | Protein: ...

[FAIL] Steamed Fish on Kale (0 Stars).pdf
  Field: nutritional_info
    EXPECTED: Trans Fat: 0 grams Fat: 11 grams Calories: 259 Saturated Fat: 2 grams Unsaturated Fat: 9 grams Sodium: 513 milligrams Sugar: 0 grams Fiber: 1 gram Carbohydrate: 2 grams Protein: 31 grams
    GOT:      Trans Fat: 0 grams | Fat: 11 grams | Calories: 259 | Saturated Fat: 2 grams | Unsaturated Fat: 9 grams | Sodium: 513 milligrams | Sugar: 0 grams | Fiber: 1 gram | Carbohydrate: 2 grams | Protein: 31 g...

[FAIL] Stir-Fried Sesame Shrimp and Spinach (0 Stars).pdf
  Field: nutritional_info
    EXPECTED: Trans Fat: 0 grams Fat: 13 grams Calories: 235 Saturated Fat: 1 gram Unsaturated Fat: 11 grams Sodium: 568 milligrams Sugar: 1 gram Fiber: 3 grams Carbohydrate: 6 grams Protein: 27 grams
    GOT:      Trans Fat: 0 grams | Fat: 13 grams | Calories: 235 | Saturated Fat: 1 gram | Unsaturated Fat: 11 grams | Sodium: 568 milligrams | Sugar: 1 gram | Fiber: 3 grams | Carbohydrate: 6 grams | Protein: 27 g...

[FAIL] Stuffed Peppers with Chickpeas and Cheese (0 Stars).pdf
  Field: nutritional_info
    EXPECTED: Trans Fat: 0 grams Fat: 23 grams Calories: 531 Saturated Fat: 7 grams Unsaturated Fat: 12 grams Sodium: 922 milligrams Sugar: 14 grams Fiber: 18 grams Carbohydrate: 62 grams Protein: 24 grams
    GOT:      Trans Fat: 0 grams | Fat: 23 grams | Calories: 531 | Saturated Fat: 7 grams | Unsaturated Fat: 12 grams | Sodium: 922 milligrams | Sugar: 14 grams | Fiber: 18 grams | Carbohydrate: 62 grams | Protein:...

[FAIL] Swiss Chard with Currants and Pine Nuts (0 Stars).pdf
  Field: nutritional_info
    EXPECTED: Trans Fat: 0 grams Fat: 12 grams Calories: 169 Saturated Fat: 1 gram Unsaturated Fat: 9 grams Sodium: 578 milligrams Sugar: 7 grams Fiber: 4 grams Carbohydrate: 16 grams Protein: 5 grams
    GOT:      Trans Fat: 0 grams | Fat: 12 grams | Calories: 169 | Saturated Fat: 1 gram | Unsaturated Fat: 9 grams | Sodium: 578 milligrams | Sugar: 7 grams | Fiber: 4 grams | Carbohydrate: 16 grams | Protein: 5 g...

[FAIL] Swordfish with Lemon and Fennel (0 Stars).pdf
  Field: nutritional_info
    EXPECTED: Trans Fat: 0 grams Fat: 19 grams Calories: 325 Saturated Fat: 5 grams Unsaturated Fat: 12 grams Sodium: 461 milligrams Sugar: 0 grams Fiber: 1 gram Carbohydrate: 3 grams Protein: 34 grams
    GOT:      Trans Fat: 0 grams | Fat: 19 grams | Calories: 325 | Saturated Fat: 5 grams | Unsaturated Fat: 12 grams | Sodium: 461 milligrams | Sugar: 0 grams | Fiber: 1 gram | Carbohydrate: 3 grams | Protein: 34 ...

[FAIL] Teddie's Apple Cake (5 Stars).pdf
  Field: nutritional_info
    EXPECTED: Trans Fat: 0 grams Fat: 56 grams Calories: 957 Saturated Fat: 6 grams Unsaturated Fat: 48 grams Sodium: 475 milligrams Sugar: 65 grams Fiber: 4 grams Carbohydrate: 108 grams Protein: 10 grams
    GOT:      Trans Fat: 0 grams | Fat: 56 grams | Calories: 957 | Saturated Fat: 6 grams | Unsaturated Fat: 48 grams | Sodium: 475 milligrams | Sugar: 65 grams | Fiber: 4 grams | Carbohydrate: 108 grams | Protein:...

[FAIL] Thai Beef Salad (0 Stars).pdf
  Field: source
    EXPECTED: thewoksoflife.com
    GOT:      
  Field: ingredients
    EXPECTED: FOR THE BEEF: 1 tablespoon fish sauce 2 cloves garlic minced 2 teaspoons minced cilantro stems 2 teaspoons minced Thai basil stems 2 teaspoons neutral oil (such as canola, vegetable, or avocado oil) ½...
    GOT:      (158%) Vitamin C: 40mg (48%) Calcium: 114mg (11%) Iron: 5mg (28%) FOR THE BEEF: thewoksoflife.com Source: 1 tablespoon fish sauce 2 cloves garlic minced 2 teaspoons minced cilantro stems 2 teaspoons m...
  Field: directions
    EXPECTED: In a medium to large bowl, combine the fish sauce, garlic, minced cilantro and Thai basil stems, oil, sugar, pepper, and salt. Add the steak, and rub the marinade mixture all over the steak. Set aside...
    GOT:      
  Field: nutritional_info
    EXPECTED: Calories: 685kcal (34%) Carbohydrates: 25g (8%) Protein: 46g (92%) Fat: 48g (74%) Saturated Fat: 8g (40%)Polyunsaturated Fat: 10g Monounsaturated Fat: 26gTrans Fat: 1g Cholesterol: 107mg (36%) Sodium:...
    GOT:      

[FAIL] Three-Cup Chicken (0 Stars).pdf
  Field: nutritional_info
    EXPECTED: Trans Fat: 0 grams Fat: 48 grams Calories: 673 Saturated Fat: 12 grams Unsaturated Fat: 32 grams Sodium: 764 milligrams Sugar: 3 grams Fiber: 1 gram Carbohydrate: 10 grams Protein: 40 grams
    GOT:      Trans Fat: 0 grams | Fat: 48 grams | Calories: 673 | Saturated Fat: 12 grams | Unsaturated Fat: 32 grams | Sodium: 764 milligrams | Sugar: 3 grams | Fiber: 1 gram | Carbohydrate: 10 grams | Protein: 4...

[FAIL] Turkey Chili (4 Stars).pdf
  Field: nutritional_info
    EXPECTED: Trans Fat: 0 grams Fat: 38 grams Calories: 765 Saturated Fat: 15 grams Unsaturated Fat: 17 grams Sodium: 1690 milligrams Sugar: 16 grams Fiber: 15 grams Carbohydrate: 58 grams Protein: 56 grams
    GOT:      Trans Fat: 0 grams | Fat: 38 grams | Calories: 765 | Saturated Fat: 15 grams | Unsaturated Fat: 17 grams | Sodium: 1690 milligrams | Sugar: 16 grams | Fiber: 15 grams | Carbohydrate: 58 grams | Protei...

[FAIL] Tuscan Butter Bean Soup (0 Stars).pdf
  Field: ingredients
    EXPECTED: 2 Tbsp. extra-virgin olive oil (or oil from the jar of sun-dried tomatoes) 1 sprig fresh rosemary 1 medium yellow onion, diced (about 1 1/2 cups) 3 garlic cloves, minced 2 Tbsp. DeLallo Tomato Paste P...
    GOT:      Make-Ahead: This soup tastes even better the next day once the flavors have a chance to marry. Cook fully, cool, and refrigerate. Store: Transfer cooled leftovers to an airtight container and refriger...
  Field: directions
    EXPECTED: Sauté aromatics Heat olive oil in a medium to large soup pot over medium heat. Add rosemary and fry for 1 minute. Add onion and cook until soft, about 5 to 6 minutes. Add garlic and tomato paste, and ...
    GOT:      
  Field: notes
    EXPECTED: Make-Ahead: This soup tastes even better the next day once the flavors have a chance to marry. Cook fully, cool, and refrigerate. Store: Transfer cooled leftovers to an airtight container and refriger...
    GOT:      
  Field: nutritional_info
    EXPECTED: Serving: 1.5cups | Calories: 375kcal | Carbohydrates: 49g | Protein: 15g | Fat: 13g | Saturated Fat: 4.5g | Sodium: 810mg | Fiber: 12g | Sugar: 14g
    GOT:      

[FAIL] Wild Mushroom Lasagne (0 Stars).pdf
  Field: source
    EXPECTED: epicurious.com
    GOT:      
  Field: ingredients
    EXPECTED: For mushroom filling: 3 cups water 2 ounces dried porcini mushrooms (about 1 cup) 2 pounds fresh white mushrooms 2 large zucchini (about 1 pound) 1 large onion 3 garlic cloves 5 tablespoons unsalted b...
    GOT:      For mushroom filling: epicurious.com Source: 3 cups water 2 ounces dried porcini mushrooms (about 1 cup) 2 pounds fresh white mushrooms 2 large zucchini (about 1 pound) 1 large onion 3 garlic cloves 5...
  Field: directions
    EXPECTED: Make filling: Step 1: In a small saucepan bring water to a boil and remove pan from heat. Stir in porcini. Soak porcini 20 minutes. Lift out porcini, squeezing out excess liquid, and reserve soaking l...
    GOT:      

[FAIL] Winter Citrus Salad with Honey Dressing (4 Stars).pdf
  Field: nutritional_info
    EXPECTED: Trans Fat: 0 grams Fat: 10 grams Calories: 150 Saturated Fat: 1 gram Unsaturated Fat: 9 grams Sodium: 314 milligrams Sugar: 10 grams Fiber: 2 grams Carbohydrate: 15 grams Protein: 1 gram
    GOT:      Trans Fat: 0 grams | Fat: 10 grams | Calories: 150 | Saturated Fat: 1 gram | Unsaturated Fat: 9 grams | Sodium: 314 milligrams | Sugar: 10 grams | Fiber: 2 grams | Carbohydrate: 15 grams | Protein: 1 ...

[FAIL] Zucchini Butter Pasta (5 Stars).pdf
  Field: nutritional_info
    EXPECTED: Trans Fat: 0 grams Fat: 34 grams Calories: 680 Saturated Fat: 12 grams Unsaturated Fat: 19 grams Sodium: 804 milligrams Sugar: 7 grams Fiber: 6 grams Carbohydrate: 67 grams Protein: 28 grams
    GOT:      Trans Fat: 0 grams | Fat: 34 grams | Calories: 680 | Saturated Fat: 12 grams | Unsaturated Fat: 19 grams | Sodium: 804 milligrams | Sugar: 7 grams | Fiber: 6 grams | Carbohydrate: 67 grams | Protein: ...

[FAIL] Zucchini Lasagna (5 Stars).pdf
  Field: nutritional_info
    EXPECTED: 11 Cals: 275 Protein: 26 Carbs: 13 Fats: 13 Serving: 1 /8, Calories: 275 kcal, Carbohydrates: 13 g, Protein: 26 g, Fat: 13 g, Saturated Fat: 7 g, Cholesterol: 84 mg, Sodium: 648 mg, Fiber: 2.5 g, Suga...
    GOT:      11 Cals: 275 Protein: 26 Carbs: 13 Fats: 13 | Serving: 1 /8, Calories: 275 kcal, Carbohydrates: 13 g, Protein: 26 g, Fat: 13 g, Saturated Fat: 7 g, Cholesterol: 84 mg, Sodium: 648 mg, Fiber: 2.5 g, Su...

[FAIL] Zucchini Salad with Pecorino, Basil and Almonds (0 Stars).pdf
  Field: nutritional_info
    EXPECTED: Trans Fat: 0 grams Fat: 11 grams Calories: 132 Saturated Fat: 2 grams Unsaturated Fat: 9 grams Sodium: 280 milligrams Sugar: 3 grams Fiber: 2 grams Carbohydrate: 6 grams Protein: 4 grams
    GOT:      Trans Fat: 0 grams | Fat: 11 grams | Calories: 132 | Saturated Fat: 2 grams | Unsaturated Fat: 9 grams | Sodium: 280 milligrams | Sugar: 3 grams | Fiber: 2 grams | Carbohydrate: 6 grams | Protein: 4 g...

[FAIL] Zucchini with Shallots (0 Stars).pdf
  Field: nutritional_info
    EXPECTED: Trans Fat: 0 grams Fat: 10 grams Calories: 124 Saturated Fat: 3 grams Unsaturated Fat: 7 grams Sodium: 445 milligrams Sugar: 5 grams Fiber: 2 grams Carbohydrate: 7 grams Protein: 3 grams
    GOT:      Trans Fat: 0 grams | Fat: 10 grams | Calories: 124 | Saturated Fat: 3 grams | Unsaturated Fat: 7 grams | Sodium: 445 milligrams | Sugar: 5 grams | Fiber: 2 grams | Carbohydrate: 7 grams | Protein: 3 g...

============================================================
Results: 133/291 passed, 135 failed, 23 skipped

Field failure counts:
  nutritional_info: 111
  ingredients: 31
  directions: 18
  notes: 10
  source: 3
  prep_time: 1
  cook_time: 1
  rating: 1
